Archive member included to satisfy reference by file (symbol)

build-optee/imx8mn/release/lib/libc.a(memcpy.o)
                              build-optee/imx8mn/release/bl31/imx_sip_handler.o (memcpy)
build-optee/imx8mn/release/lib/libc.a(memmove.o)
                              build-optee/imx8mn/release/bl31/xlat_tables_core.o (memmove)
build-optee/imx8mn/release/lib/libc.a(memset.o)
                              build-optee/imx8mn/release/bl31/runtime_svc.o (memset)
build-optee/imx8mn/release/lib/libc.a(printf.o)
                              build-optee/imx8mn/release/bl31/tf_log.o (vprintf)
build-optee/imx8mn/release/lib/libc.a(putchar.o)
                              build-optee/imx8mn/release/bl31/tf_log.o (putchar)
build-optee/imx8mn/release/lib/libc.a(strchr.o)
                              build-optee/imx8mn/release/bl31/imx_sip_handler.o (strchr)

Allocating common symbols
Common symbol       size              file

tzc380              0x10              build-optee/imx8mn/release/bl31/tzc380.o
mmu_cfg_params      0x18              build-optee/imx8mn/release/bl31/xlat_tables_context.o
rt_svc_descs_indices
                    0x80              build-optee/imx8mn/release/bl31/runtime_svc.o
dfs_lock            0x4               build-optee/imx8mn/release/bl31/dram.o
psci_cpu_pd_nodes   0x40              build-optee/imx8mn/release/bl31/psci_common.o
rdistif_base_addrs  0x20              build-optee/imx8mn/release/bl31/plat_imx8_gic.o
ipc_handle          0x8               build-optee/imx8mn/release/bl31/imx_sip_handler.o
psci_caps           0x4               build-optee/imx8mn/release/bl31/psci_setup.o
optee_vector_table  0x8               build-optee/imx8mn/release/bl31/opteed_main.o
psci_plat_pm_ops    0x8               build-optee/imx8mn/release/bl31/psci_common.o
imx_gicv3_ctx       0x2880            build-optee/imx8mn/release/bl31/gpc_common.o
opteed_rw           0x4               build-optee/imx8mn/release/bl31/opteed_main.o
percpu_data         0x100             build-optee/imx8mn/release/bl31/cpu_data_array.o
opteed_sp_context   0x9c0             build-optee/imx8mn/release/bl31/opteed_main.o
dram_info           0xa8              build-optee/imx8mn/release/bl31/dram.o
gicv3_driver_data   0x8               build-optee/imx8mn/release/bl31/gicv3_main.o
console_list        0x8               build-optee/imx8mn/release/bl31/multi_console.o
psci_spd_pm         0x8               build-optee/imx8mn/release/bl31/psci_common.o

Discarded input sections

 .text          0x0000000000000000        0x0 build-optee/imx8mn/release/bl31/build_message.o
 .data          0x0000000000000000        0x0 build-optee/imx8mn/release/bl31/build_message.o
 .bss           0x0000000000000000        0x0 build-optee/imx8mn/release/bl31/build_message.o
 .text          0x0000000000000000        0x0 build-optee/imx8mn/release/bl31/gpc_common.o
 .data          0x0000000000000000        0x0 build-optee/imx8mn/release/bl31/gpc_common.o
 .bss           0x0000000000000000        0x0 build-optee/imx8mn/release/bl31/gpc_common.o
 .text.imx_is_m4_enabled
                0x0000000000000000       0x18 build-optee/imx8mn/release/bl31/gpc_common.o
 .text.imx_set_cluster_standby
                0x0000000000000000       0x2c build-optee/imx8mn/release/bl31/gpc_common.o
 .eh_frame      0x0000000000000000      0x1b0 build-optee/imx8mn/release/bl31/gpc_common.o
 .text          0x0000000000000000        0x0 build-optee/imx8mn/release/bl31/hab.o
 .data          0x0000000000000000        0x0 build-optee/imx8mn/release/bl31/hab.o
 .bss           0x0000000000000000        0x0 build-optee/imx8mn/release/bl31/hab.o
 .eh_frame      0x0000000000000000       0x68 build-optee/imx8mn/release/bl31/hab.o
 .text          0x0000000000000000        0x0 build-optee/imx8mn/release/bl31/imx_aipstz.o
 .data          0x0000000000000000        0x0 build-optee/imx8mn/release/bl31/imx_aipstz.o
 .bss           0x0000000000000000        0x0 build-optee/imx8mn/release/bl31/imx_aipstz.o
 .eh_frame      0x0000000000000000       0x28 build-optee/imx8mn/release/bl31/imx_aipstz.o
 .text          0x0000000000000000        0x0 build-optee/imx8mn/release/bl31/imx_rdc.o
 .data          0x0000000000000000        0x0 build-optee/imx8mn/release/bl31/imx_rdc.o
 .bss           0x0000000000000000        0x0 build-optee/imx8mn/release/bl31/imx_rdc.o
 .eh_frame      0x0000000000000000       0x28 build-optee/imx8mn/release/bl31/imx_rdc.o
 .text          0x0000000000000000        0x0 build-optee/imx8mn/release/bl31/imx8m_caam.o
 .data          0x0000000000000000        0x0 build-optee/imx8mn/release/bl31/imx8m_caam.o
 .bss           0x0000000000000000        0x0 build-optee/imx8mn/release/bl31/imx8m_caam.o
 .eh_frame      0x0000000000000000       0x28 build-optee/imx8mn/release/bl31/imx8m_caam.o
 .text          0x0000000000000000        0x0 build-optee/imx8mn/release/bl31/imx8m_csu.o
 .data          0x0000000000000000        0x0 build-optee/imx8mn/release/bl31/imx8m_csu.o
[...]
Memory Configuration

Name             Origin             Length             Attributes
RAM              0x0000000000960000 0x0000000000020000 xrw
*default*        0x0000000000000000 0xffffffffffffffff

Linker script and memory map

                0x0000000000960000                . = 0x960000
                0x0000000000000001                ASSERT ((. == ALIGN (0x1000)), BL31_BASE address is not aligned on a page boundary.)
                0x0000000000960000                __BL31_START__ = .

ro              0x0000000000960000     0xb000
                0x0000000000960000                __RO_START__ = .
 *bl31_entrypoint.o(.text*)
 .text.asm.bl31_entrypoint
                0x0000000000960000      0x14c build-optee/imx8mn/release/bl31/bl31_entrypoint.o
                0x0000000000960000                bl31_entrypoint
 .text.asm.bl31_warm_entrypoint
                0x000000000096014c       0x80 build-optee/imx8mn/release/bl31/bl31_entrypoint.o
                0x000000000096014c                bl31_warm_entrypoint
 *(.text*)
 *fill*         0x00000000009601cc        0x4 
 .text.imx_m4_lpa_active
                0x00000000009601d0       0x1c build-optee/imx8mn/release/bl31/gpc_common.o
                0x00000000009601d0                imx_m4_lpa_active
 *fill*         0x00000000009601ec        0x4 
 .text.imx_set_cpu_secure_entry
                0x00000000009601f0       0x30 build-optee/imx8mn/release/bl31/gpc_common.o
                0x00000000009601f0                imx_set_cpu_secure_entry
 .text.imx_set_cpu_pwr_off
                0x0000000000960220       0x88 build-optee/imx8mn/release/bl31/gpc_common.o
                0x0000000000960220                imx_set_cpu_pwr_off
 .text.imx_set_cpu_pwr_on
                0x00000000009602a8       0xe8 build-optee/imx8mn/release/bl31/gpc_common.o
                0x00000000009602a8                imx_set_cpu_pwr_on
 .text.imx_set_cpu_lpm
                0x0000000000960390      0x120 build-optee/imx8mn/release/bl31/gpc_common.o
                0x0000000000960390                imx_set_cpu_lpm
 .text.imx_set_cluster_powerdown
                0x00000000009604b0      0x188 build-optee/imx8mn/release/bl31/gpc_common.o
                0x00000000009604b0                imx_set_cluster_powerdown
 .text.imx_set_sys_wakeup
                0x0000000000960638       0xf8 build-optee/imx8mn/release/bl31/gpc_common.o
                0x0000000000960638                imx_set_sys_wakeup
 .text.imx_noc_slot_config
                0x0000000000960730       0xb0 build-optee/imx8mn/release/bl31/gpc_common.o
                0x0000000000960730                imx_noc_slot_config
 .text.imx_set_sys_lpm
                0x00000000009607e0       0x58 build-optee/imx8mn/release/bl31/gpc_common.o
                0x00000000009607e0                imx_set_sys_lpm
 .text.imx_set_rbc_count
                0x0000000000960838       0x1c build-optee/imx8mn/release/bl31/gpc_common.o
                0x0000000000960838                imx_set_rbc_count
 *fill*         0x0000000000960854        0x4 
 .text.imx_clear_rbc_count
                0x0000000000960858       0x18 build-optee/imx8mn/release/bl31/gpc_common.o
                0x0000000000960858                imx_clear_rbc_count
 .text.imx_anamix_override
                0x0000000000960870       0x7c build-optee/imx8mn/release/bl31/gpc_common.o
                0x0000000000960870                imx_anamix_override
 *fill*         0x00000000009608ec        0x4 
 .text.imx_gpc_handler
                0x00000000009608f0       0x34 build-optee/imx8mn/release/bl31/gpc_common.o
                0x00000000009608f0                imx_gpc_handler
 *fill*         0x0000000000960924        0x4 
 .text.imx_src_handler
                0x0000000000960928      0x164 build-optee/imx8mn/release/bl31/gpc_common.o
                0x0000000000960928                imx_src_handler
 *fill*         0x0000000000960a8c        0x4 
 .text.imx_hab_handler
                0x0000000000960a90      0x10c build-optee/imx8mn/release/bl31/hab.o
                0x0000000000960a90                imx_hab_handler
 *fill*         0x0000000000960b9c        0x4 
 .text.imx_aipstz_init
                0x0000000000960ba0       0x4c build-optee/imx8mn/release/bl31/imx_aipstz.o
                0x0000000000960ba0                imx_aipstz_init
 *fill*         0x0000000000960bec        0x4 
 .text.imx_rdc_init
                0x0000000000960bf0       0xac build-optee/imx8mn/release/bl31/imx_rdc.o
                0x0000000000960bf0                imx_rdc_init
 *fill*         0x0000000000960c9c        0x4 
 .text.imx8m_caam_init
                0x0000000000960ca0       0x7c build-optee/imx8mn/release/bl31/imx8m_caam.o
                0x0000000000960ca0                imx8m_caam_init
 *fill*         0x0000000000960d1c        0x4 
 .text.imx_csu_init
                0x0000000000960d20      0x17c build-optee/imx8mn/release/bl31/imx8m_csu.o
                0x0000000000960d20                imx_csu_init
 *fill*         0x0000000000960e9c        0x4 
 .text.imx_validate_ns_entrypoint
                0x0000000000960ea0       0x14 build-optee/imx8mn/release/bl31/imx8m_psci_common.o
                0x0000000000960ea0                imx_validate_ns_entrypoint
 *fill*         0x0000000000960eb4        0x4 
 .text.imx_pwr_domain_on
                0x0000000000960eb8       0x34 build-optee/imx8mn/release/bl31/imx8m_psci_common.o
                0x0000000000960eb8                imx_pwr_domain_on
 *fill*         0x0000000000960eec        0x4 
 .text.imx_pwr_domain_on_finish
                0x0000000000960ef0       0x14 build-optee/imx8mn/release/bl31/imx8m_psci_common.o
                0x0000000000960ef0                imx_pwr_domain_on_finish
 *fill*         0x0000000000960f04        0x4 
 .text.imx_pwr_domain_off
                0x0000000000960f08       0x24 build-optee/imx8mn/release/bl31/imx8m_psci_common.o
                0x0000000000960f08                imx_pwr_domain_off
 *fill*         0x0000000000960f2c        0x4 
 .text.imx_validate_power_state
                0x0000000000960f30       0x50 build-optee/imx8mn/release/bl31/imx8m_psci_common.o
                0x0000000000960f30                imx_validate_power_state
 .text.imx_cpu_standby
                0x0000000000960f80       0x30 build-optee/imx8mn/release/bl31/imx8m_psci_common.o
                0x0000000000960f80                imx_cpu_standby
 .text.imx_domain_suspend
                0x0000000000960fb0       0xdc build-optee/imx8mn/release/bl31/imx8m_psci_common.o
                0x0000000000960fb0                imx_domain_suspend
 *fill*         0x000000000096108c        0x4 
 .text.imx_domain_suspend_finish
                0x0000000000961090       0xd8 build-optee/imx8mn/release/bl31/imx8m_psci_common.o
                0x0000000000961090                imx_domain_suspend_finish
 .text.imx_get_sys_suspend_power_state
                0x0000000000961168       0x14 build-optee/imx8mn/release/bl31/imx8m_psci_common.o
                0x0000000000961168                imx_get_sys_suspend_power_state
 *fill*         0x000000000096117c        0x4 
 .text.imx_system_reset
                0x0000000000961180       0x34 build-optee/imx8mn/release/bl31/imx8m_psci_common.o
                0x0000000000961180                imx_system_reset
 *fill*         0x00000000009611b4        0x4 
 .text.imx_system_off
                0x00000000009611b8       0x14 build-optee/imx8mn/release/bl31/imx8m_psci_common.o
                0x00000000009611b8                imx_system_off
 *fill*         0x00000000009611cc        0x4 
 .text.imx_pwr_domain_pwr_down_wfi
                0x00000000009611d0       0x3c build-optee/imx8mn/release/bl31/imx8m_psci_common.o
                0x00000000009611d0                imx_pwr_domain_pwr_down_wfi
 *fill*         0x000000000096120c        0x4 
 .text.bl31_early_platform_setup2
                0x0000000000961210      0x13c build-optee/imx8mn/release/bl31/imx8mn_bl31_setup.o
                0x0000000000961210                bl31_early_platform_setup2
 *fill*         0x000000000096134c        0x4 
 .text.bl31_plat_arch_setup
                0x0000000000961350       0x8c build-optee/imx8mn/release/bl31/imx8mn_bl31_setup.o
                0x0000000000961350                bl31_plat_arch_setup
 *fill*         0x00000000009613dc        0x4 
 .text.bl31_platform_setup
                0x00000000009613e0       0x58 build-optee/imx8mn/release/bl31/imx8mn_bl31_setup.o
                0x00000000009613e0                bl31_platform_setup
 .text.bl31_plat_get_next_image_ep_info
                0x0000000000961438       0x28 build-optee/imx8mn/release/bl31/imx8mn_bl31_setup.o
                0x0000000000961438                bl31_plat_get_next_image_ep_info
 .text.plat_get_syscnt_freq2
                0x0000000000961460        0xc build-optee/imx8mn/release/bl31/imx8mn_bl31_setup.o
                0x0000000000961460                plat_get_syscnt_freq2
 *fill*         0x000000000096146c        0x4 
 .text.plat_setup_psci_ops
                0x0000000000961470       0x30 build-optee/imx8mn/release/bl31/imx8mn_psci.o
                0x0000000000961470                plat_setup_psci_ops
 .text.imx_gpc_pm_domain_enable
                0x00000000009614a0      0x1dc build-optee/imx8mn/release/bl31/gpc.o
                0x00000000009614a0                imx_gpc_pm_domain_enable
 *fill*         0x000000000096167c        0x4 
 .text.imx_noc_wrapper_pre_suspend
                0x0000000000961680       0xa8 build-optee/imx8mn/release/bl31/gpc.o
                0x0000000000961680                imx_noc_wrapper_pre_suspend
 .text.imx_noc_wrapper_post_resume
                0x0000000000961728       0xac build-optee/imx8mn/release/bl31/gpc.o
                0x0000000000961728                imx_noc_wrapper_post_resume
 *fill*         0x00000000009617d4        0x4 
 .text.imx_gpc_init
                0x00000000009617d8      0x174 build-optee/imx8mn/release/bl31/gpc.o
                0x00000000009617d8                imx_gpc_init
 *fill*         0x000000000096194c        0x4 
 .text.plat_get_power_domain_tree_desc
                0x0000000000961950        0xc build-optee/imx8mn/release/bl31/imx8_topology.o
                0x0000000000961950                plat_get_power_domain_tree_desc
 *fill*         0x000000000096195c        0x4 
 .text.plat_core_pos_by_mpidr
                0x0000000000961960       0x3c build-optee/imx8mn/release/bl31/imx8_topology.o
                0x0000000000961960                plat_core_pos_by_mpidr
 *fill*         0x000000000096199c        0x4 
 .text.imx_buildinfo_handler
                0x00000000009619a0       0x5c build-optee/imx8mn/release/bl31/imx_sip_handler.o
                0x00000000009619a0                imx_buildinfo_handler
 *fill*         0x00000000009619fc        0x4 
 .text.imx_sip_setup
                0x0000000000961a00        0x8 build-optee/imx8mn/release/bl31/imx_sip_svc.o
 .text.imx_sip_handler
                0x0000000000961a08      0x108 build-optee/imx8mn/release/bl31/imx_sip_svc.o
 .text.tzc380_init
                0x0000000000961b10       0x2c build-optee/imx8mn/release/bl31/tzc380.o
                0x0000000000961b10                tzc380_init
 *fill*         0x0000000000961b3c        0x4 
 .text.tzc380_configure_region
                0x0000000000961b40       0x2c build-optee/imx8mn/release/bl31/tzc380.o
                0x0000000000961b40                tzc380_configure_region
 *fill*         0x0000000000961b6c        0x4 
 .text.udelay   0x0000000000961b70       0x6c build-optee/imx8mn/release/bl31/delay_timer.o
                0x0000000000961b70                udelay
 *fill*         0x0000000000961bdc        0x4 
 .text.timer_init
                0x0000000000961be0        0xc build-optee/imx8mn/release/bl31/delay_timer.o
                0x0000000000961be0                timer_init
 *fill*         0x0000000000961bec        0x4 
 .text.get_timer_value
                0x0000000000961bf0        0xc build-optee/imx8mn/release/bl31/generic_delay_timer.o
 *fill*         0x0000000000961bfc        0x4 
 .text.generic_delay_timer_init
                0x0000000000961c00       0x94 build-optee/imx8mn/release/bl31/generic_delay_timer.o
                0x0000000000961c00                generic_delay_timer_init
 *fill*         0x0000000000961c94        0x4 
 .text.tcr_physical_addr_size_bits
                0x0000000000961c98       0x40 build-optee/imx8mn/release/bl31/xlat_tables_arch.o
                0x0000000000961c98                tcr_physical_addr_size_bits
 .text.is_dcache_enabled
                0x0000000000961cd8       0x3c build-optee/imx8mn/release/bl31/xlat_tables_arch.o
                0x0000000000961cd8                is_dcache_enabled
 *fill*         0x0000000000961d14        0x4 
 .text.xlat_arch_regime_get_xn_desc
                0x0000000000961d18       0x14 build-optee/imx8mn/release/bl31/xlat_tables_arch.o
                0x0000000000961d18                xlat_arch_regime_get_xn_desc
 *fill*         0x0000000000961d2c        0x4 
 .text.xlat_arch_current_el
                0x0000000000961d30        0xc build-optee/imx8mn/release/bl31/xlat_tables_arch.o
                0x0000000000961d30                xlat_arch_current_el
 *fill*         0x0000000000961d3c        0x4 
 .text.setup_mmu_cfg
                0x0000000000961d40       0x80 build-optee/imx8mn/release/bl31/xlat_tables_arch.o
                0x0000000000961d40                setup_mmu_cfg
 .text.mmap_add_region
                0x0000000000961dc0       0x3c build-optee/imx8mn/release/bl31/xlat_tables_context.o
                0x0000000000961dc0                mmap_add_region
 *fill*         0x0000000000961dfc        0x4 
 .text.mmap_add
                0x0000000000961e00       0x10 build-optee/imx8mn/release/bl31/xlat_tables_context.o
                0x0000000000961e00                mmap_add
 .text.init_xlat_tables
                0x0000000000961e10       0x38 build-optee/imx8mn/release/bl31/xlat_tables_context.o
                0x0000000000961e10                init_xlat_tables
 .text.enable_mmu_el3
                0x0000000000961e48       0x48 build-optee/imx8mn/release/bl31/xlat_tables_context.o
                0x0000000000961e48                enable_mmu_el3
 .text.xlat_desc
                0x0000000000961e90       0xb0 build-optee/imx8mn/release/bl31/xlat_tables_core.o
                0x0000000000961e90                xlat_desc
 .text.xlat_tables_map_region
                0x0000000000961f40      0x2a8 build-optee/imx8mn/release/bl31/xlat_tables_core.o
 .text.mmap_add_region_ctx
                0x00000000009621e8      0x280 build-optee/imx8mn/release/bl31/xlat_tables_core.o
                0x00000000009621e8                mmap_add_region_ctx
 .text.mmap_add_ctx
                0x0000000000962468       0x44 build-optee/imx8mn/release/bl31/xlat_tables_core.o
                0x0000000000962468                mmap_add_ctx
 *fill*         0x00000000009624ac        0x4 
 .text.init_xlat_tables_ctx
                0x00000000009624b0      0x134 build-optee/imx8mn/release/bl31/xlat_tables_core.o
                0x00000000009624b0                init_xlat_tables_ctx
 *fill*         0x00000000009625e4        0x4 
 .text.xlat_mmap_print
                0x00000000009625e8        0x4 build-optee/imx8mn/release/bl31/xlat_tables_utils.o
                0x00000000009625e8                xlat_mmap_print
 *fill*         0x00000000009625ec        0x4 
 .text.xlat_tables_print
                0x00000000009625f0        0x4 build-optee/imx8mn/release/bl31/xlat_tables_utils.o
                0x00000000009625f0                xlat_tables_print
 *fill*         0x00000000009625f4        0x4 
 .text.waiting_dvfs
                0x00000000009625f8       0x98 build-optee/imx8mn/release/bl31/dram.o
 .text.dram_umctl2_init
                0x0000000000962690       0x3c build-optee/imx8mn/release/bl31/dram.o
                0x0000000000962690                dram_umctl2_init
 *fill*         0x00000000009626cc        0x4 
 .text.dram_phy_init
                0x00000000009626d0       0xb0 build-optee/imx8mn/release/bl31/dram.o
                0x00000000009626d0                dram_phy_init
 .text.dram_info_init
                0x0000000000962780      0x244 build-optee/imx8mn/release/bl31/dram.o
                0x0000000000962780                dram_info_init
 *fill*         0x00000000009629c4        0x4 
 .text.dram_dvfs_get_freq_info
                0x00000000009629c8       0xd4 build-optee/imx8mn/release/bl31/dram.o
                0x00000000009629c8                dram_dvfs_get_freq_info
 *fill*         0x0000000000962a9c        0x4 
 .text.dram_dvfs_handler
                0x0000000000962aa0      0x180 build-optee/imx8mn/release/bl31/dram.o
                0x0000000000962aa0                dram_dvfs_handler
 .text.dram_pll_init
                0x0000000000962c20       0xd0 build-optee/imx8mn/release/bl31/clock.o
                0x0000000000962c20                dram_pll_init
 .text.dram_clock_switch
                0x0000000000962cf0       0xe0 build-optee/imx8mn/release/bl31/clock.o
                0x0000000000962cf0                dram_clock_switch
 .text.dram_enter_retention
                0x0000000000962dd0      0x19c build-optee/imx8mn/release/bl31/dram_retention.o
                0x0000000000962dd0                dram_enter_retention
 *fill*         0x0000000000962f6c        0x4 
 .text.dram_exit_retention
                0x0000000000962f70      0x244 build-optee/imx8mn/release/bl31/dram_retention.o
                0x0000000000962f70                dram_exit_retention
 *fill*         0x00000000009631b4        0x4 
 .text.ddr4_mr_write
                0x00000000009631b8       0xf4 build-optee/imx8mn/release/bl31/ddr4_dvfs.o
                0x00000000009631b8                ddr4_mr_write
 *fill*         0x00000000009632ac        0x4 
 .text.dram_cfg_all_mr
                0x00000000009632b0       0x84 build-optee/imx8mn/release/bl31/ddr4_dvfs.o
                0x00000000009632b0                dram_cfg_all_mr
 *fill*         0x0000000000963334        0x4 
 .text.sw_pstate
                0x0000000000963338       0xf8 build-optee/imx8mn/release/bl31/ddr4_dvfs.o
                0x0000000000963338                sw_pstate
 .text.ddr4_swffc
                0x0000000000963430      0x144 build-optee/imx8mn/release/bl31/ddr4_dvfs.o
                0x0000000000963430                ddr4_swffc
 *fill*         0x0000000000963574        0x4 
 .text.lpddr4_swffc
                0x0000000000963578      0x768 build-optee/imx8mn/release/bl31/lpddr4_dvfs.o
                0x0000000000963578                lpddr4_swffc
 .text.gicd_read_igrpmodr
                0x0000000000963ce0       0x14 build-optee/imx8mn/release/bl31/gicv3_helpers.o
                0x0000000000963ce0                gicd_read_igrpmodr
 *fill*         0x0000000000963cf4        0x4 
 .text.gicd_write_igrpmodr
                0x0000000000963cf8       0x14 build-optee/imx8mn/release/bl31/gicv3_helpers.o
                0x0000000000963cf8                gicd_write_igrpmodr
 *fill*         0x0000000000963d0c        0x4 
 .text.gicr_read_ipriorityr
                0x0000000000963d10       0x14 build-optee/imx8mn/release/bl31/gicv3_helpers.o
                0x0000000000963d10                gicr_read_ipriorityr
 *fill*         0x0000000000963d24        0x4 
 .text.gicr_write_ipriorityr
                0x0000000000963d28       0x14 build-optee/imx8mn/release/bl31/gicv3_helpers.o
                0x0000000000963d28                gicr_write_ipriorityr
 *fill*         0x0000000000963d3c        0x4 
 .text.gicv3_rdistif_mark_core_awake
                0x0000000000963d40       0x3c build-optee/imx8mn/release/bl31/gicv3_helpers.o
                0x0000000000963d40                gicv3_rdistif_mark_core_awake
 *fill*         0x0000000000963d7c        0x4 
 .text.gicv3_rdistif_mark_core_asleep
                0x0000000000963d80       0x1c build-optee/imx8mn/release/bl31/gicv3_helpers.o
                0x0000000000963d80                gicv3_rdistif_mark_core_asleep
 *fill*         0x0000000000963d9c        0x4 
 .text.gicv3_rdistif_base_addrs_probe
                0x0000000000963da0       0x6c build-optee/imx8mn/release/bl31/gicv3_helpers.o
                0x0000000000963da0                gicv3_rdistif_base_addrs_probe
 *fill*         0x0000000000963e0c        0x4 
 .text.gicv3_spis_config_defaults
                0x0000000000963e10       0x94 build-optee/imx8mn/release/bl31/gicv3_helpers.o
                0x0000000000963e10                gicv3_spis_config_defaults
 *fill*         0x0000000000963ea4        0x4 
 .text.gicv3_secure_spis_config_props
                0x0000000000963ea8      0x130 build-optee/imx8mn/release/bl31/gicv3_helpers.o
                0x0000000000963ea8                gicv3_secure_spis_config_props
 .text.gicv3_ppi_sgi_config_defaults
                0x0000000000963fd8       0x5c build-optee/imx8mn/release/bl31/gicv3_helpers.o
                0x0000000000963fd8                gicv3_ppi_sgi_config_defaults
 *fill*         0x0000000000964034        0x4 
 .text.gicv3_secure_ppi_sgi_config_props
                0x0000000000964038      0x10c build-optee/imx8mn/release/bl31/gicv3_helpers.o
                0x0000000000964038                gicv3_secure_ppi_sgi_config_props
 *fill*         0x0000000000964144        0x4 
 .text.arm_gicv3_distif_pre_save
                0x0000000000964148       0x2c build-optee/imx8mn/release/bl31/arm_gicv3_common.o
                0x0000000000964148                arm_gicv3_distif_pre_save
 *fill*         0x0000000000964174        0x4 
 .text.arm_gicv3_distif_post_restore
                0x0000000000964178       0x34 build-optee/imx8mn/release/bl31/arm_gicv3_common.o
                0x0000000000964178                arm_gicv3_distif_post_restore
 *fill*         0x00000000009641ac        0x4 
 .text.gicv3_distif_pre_save
                0x00000000009641b0        0x4 build-optee/imx8mn/release/bl31/gic500.o
                0x00000000009641b0                gicv3_distif_pre_save
 *fill*         0x00000000009641b4        0x4 
 .text.gicv3_distif_post_restore
                0x00000000009641b8        0x4 build-optee/imx8mn/release/bl31/gic500.o
                0x00000000009641b8                gicv3_distif_post_restore
 *fill*         0x00000000009641bc        0x4 
 .text.gicv3_driver_init
                0x00000000009641c0       0x70 build-optee/imx8mn/release/bl31/gicv3_main.o
                0x00000000009641c0                gicv3_driver_init
 .text.gicv3_distif_init
                0x0000000000964230       0x8c build-optee/imx8mn/release/bl31/gicv3_main.o
                0x0000000000964230                gicv3_distif_init
 *fill*         0x00000000009642bc        0x4 
 .text.gicv3_rdistif_on
                0x00000000009642c0        0x4 build-optee/imx8mn/release/bl31/gicv3_main.o
                0x00000000009642c0                gicv3_rdistif_on
 *fill*         0x00000000009642c4        0x4 
 .text.gicv3_rdistif_init
                0x00000000009642c8       0x88 build-optee/imx8mn/release/bl31/gicv3_main.o
                0x00000000009642c8                gicv3_rdistif_init
 .text.gicv3_cpuif_enable
                0x0000000000964350       0x88 build-optee/imx8mn/release/bl31/gicv3_main.o
                0x0000000000964350                gicv3_cpuif_enable
 .text.gicv3_cpuif_disable
                0x00000000009643d8       0x3c build-optee/imx8mn/release/bl31/gicv3_main.o
                0x00000000009643d8                gicv3_cpuif_disable
 *fill*         0x0000000000964414        0x4 
 .text.gicv3_get_pending_interrupt_type
                0x0000000000964418        0xc build-optee/imx8mn/release/bl31/gicv3_main.o
                0x0000000000964418                gicv3_get_pending_interrupt_type
 *fill*         0x0000000000964424        0x4 
 .text.gicv3_rdistif_save
                0x0000000000964428      0x100 build-optee/imx8mn/release/bl31/gicv3_main.o
                0x0000000000964428                gicv3_rdistif_save
 .text.gicv3_rdistif_init_restore
                0x0000000000964528      0x140 build-optee/imx8mn/release/bl31/gicv3_main.o
                0x0000000000964528                gicv3_rdistif_init_restore
 .text.gicv3_distif_save
                0x0000000000964668      0x210 build-optee/imx8mn/release/bl31/gicv3_main.o
                0x0000000000964668                gicv3_distif_save
 .text.gicv3_distif_init_restore
                0x0000000000964878      0x238 build-optee/imx8mn/release/bl31/gicv3_main.o
                0x0000000000964878                gicv3_distif_init_restore
 .text.gicv3_raise_secure_g0_sgi
                0x0000000000964ab0       0x48 build-optee/imx8mn/release/bl31/gicv3_main.o
                0x0000000000964ab0                gicv3_raise_secure_g0_sgi
 .text.gicd_read_igroupr
                0x0000000000964af8       0x14 build-optee/imx8mn/release/bl31/gic_common.o
                0x0000000000964af8                gicd_read_igroupr
 *fill*         0x0000000000964b0c        0x4 
 .text.gicd_read_isenabler
                0x0000000000964b10       0x14 build-optee/imx8mn/release/bl31/gic_common.o
                0x0000000000964b10                gicd_read_isenabler
 *fill*         0x0000000000964b24        0x4 
 .text.gicd_read_ispendr
                0x0000000000964b28       0x14 build-optee/imx8mn/release/bl31/gic_common.o
                0x0000000000964b28                gicd_read_ispendr
 *fill*         0x0000000000964b3c        0x4 
 .text.gicd_read_isactiver
                0x0000000000964b40       0x14 build-optee/imx8mn/release/bl31/gic_common.o
                0x0000000000964b40                gicd_read_isactiver
 *fill*         0x0000000000964b54        0x4 
 .text.gicd_read_ipriorityr
                0x0000000000964b58       0x10 build-optee/imx8mn/release/bl31/gic_common.o
                0x0000000000964b58                gicd_read_ipriorityr
 .text.gicd_read_icfgr
                0x0000000000964b68       0x14 build-optee/imx8mn/release/bl31/gic_common.o
                0x0000000000964b68                gicd_read_icfgr
 *fill*         0x0000000000964b7c        0x4 
 .text.gicd_read_nsacr
                0x0000000000964b80       0x14 build-optee/imx8mn/release/bl31/gic_common.o
                0x0000000000964b80                gicd_read_nsacr
 *fill*         0x0000000000964b94        0x4 
 .text.gicd_write_igroupr
                0x0000000000964b98       0x14 build-optee/imx8mn/release/bl31/gic_common.o
                0x0000000000964b98                gicd_write_igroupr
 *fill*         0x0000000000964bac        0x4 
 .text.gicd_write_isenabler
                0x0000000000964bb0       0x14 build-optee/imx8mn/release/bl31/gic_common.o
                0x0000000000964bb0                gicd_write_isenabler
 *fill*         0x0000000000964bc4        0x4 
 .text.gicd_write_ispendr
                0x0000000000964bc8       0x14 build-optee/imx8mn/release/bl31/gic_common.o
                0x0000000000964bc8                gicd_write_ispendr
 *fill*         0x0000000000964bdc        0x4 
 .text.gicd_write_isactiver
                0x0000000000964be0       0x14 build-optee/imx8mn/release/bl31/gic_common.o
                0x0000000000964be0                gicd_write_isactiver
 *fill*         0x0000000000964bf4        0x4 
 .text.gicd_write_ipriorityr
                0x0000000000964bf8       0x10 build-optee/imx8mn/release/bl31/gic_common.o
                0x0000000000964bf8                gicd_write_ipriorityr
 .text.gicd_write_icfgr
                0x0000000000964c08       0x14 build-optee/imx8mn/release/bl31/gic_common.o
                0x0000000000964c08                gicd_write_icfgr
 *fill*         0x0000000000964c1c        0x4 
 .text.gicd_write_nsacr
                0x0000000000964c20       0x14 build-optee/imx8mn/release/bl31/gic_common.o
                0x0000000000964c20                gicd_write_nsacr
 *fill*         0x0000000000964c34        0x4 
 .text.gicd_clr_igroupr
                0x0000000000964c38       0x24 build-optee/imx8mn/release/bl31/gic_common.o
                0x0000000000964c38                gicd_clr_igroupr
 *fill*         0x0000000000964c5c        0x4 
 .text.gicd_set_isenabler
                0x0000000000964c60       0x1c build-optee/imx8mn/release/bl31/gic_common.o
                0x0000000000964c60                gicd_set_isenabler
 *fill*         0x0000000000964c7c        0x4 
 .text.gicd_set_ipriorityr
                0x0000000000964c80       0x10 build-optee/imx8mn/release/bl31/gic_common.o
                0x0000000000964c80                gicd_set_ipriorityr
 .text.gicd_set_icfgr
                0x0000000000964c90       0x34 build-optee/imx8mn/release/bl31/gic_common.o
                0x0000000000964c90                gicd_set_icfgr
 *fill*         0x0000000000964cc4        0x4 
 .text.plat_ic_get_pending_interrupt_type
                0x0000000000964cc8       0x30 build-optee/imx8mn/release/bl31/plat_gicv3.o
                0x0000000000964cc8                plat_ic_get_pending_interrupt_type
 .text.plat_ic_acknowledge_interrupt
                0x0000000000964cf8        0xc build-optee/imx8mn/release/bl31/plat_gicv3.o
                0x0000000000964cf8                plat_ic_acknowledge_interrupt
 *fill*         0x0000000000964d04        0x4 
 .text.plat_ic_end_of_interrupt
                0x0000000000964d08        0xc build-optee/imx8mn/release/bl31/plat_gicv3.o
                0x0000000000964d08                plat_ic_end_of_interrupt
 *fill*         0x0000000000964d14        0x4 
 .text.plat_interrupt_type_to_line
                0x0000000000964d18       0x4c build-optee/imx8mn/release/bl31/plat_gicv3.o
                0x0000000000964d18                plat_interrupt_type_to_line
 *fill*         0x0000000000964d64        0x4 
 .text.plat_ic_raise_el3_sgi
                0x0000000000964d68        0x4 build-optee/imx8mn/release/bl31/plat_gicv3.o
                0x0000000000964d68                plat_ic_raise_el3_sgi
 *fill*         0x0000000000964d6c        0x4 
 .text.plat_get_target_pwr_state
                0x0000000000964d70       0x2c build-optee/imx8mn/release/bl31/plat_psci_common.o
                0x0000000000964d70                plat_get_target_pwr_state
 *fill*         0x0000000000964d9c        0x4 
 .text.plat_imx_mpidr_to_core_pos
                0x0000000000964da0        0x4 build-optee/imx8mn/release/bl31/plat_imx8_gic.o
 *fill*         0x0000000000964da4        0x4 
 .text.plat_gic_driver_init
                0x0000000000964da8        0xc build-optee/imx8mn/release/bl31/plat_imx8_gic.o
                0x0000000000964da8                plat_gic_driver_init
 *fill*         0x0000000000964db4        0x4 
 .text.plat_gic_init
                0x0000000000964db8       0x60 build-optee/imx8mn/release/bl31/plat_imx8_gic.o
                0x0000000000964db8                plat_gic_init
 .text.plat_gic_cpuif_enable
                0x0000000000964e18       0x14 build-optee/imx8mn/release/bl31/plat_imx8_gic.o
                0x0000000000964e18                plat_gic_cpuif_enable
 *fill*         0x0000000000964e2c        0x4 
 .text.plat_gic_cpuif_disable
                0x0000000000964e30       0x14 build-optee/imx8mn/release/bl31/plat_imx8_gic.o
                0x0000000000964e30                plat_gic_cpuif_disable
 *fill*         0x0000000000964e44        0x4 
 .text.plat_gic_pcpu_init
                0x0000000000964e48       0x14 build-optee/imx8mn/release/bl31/plat_imx8_gic.o
                0x0000000000964e48                plat_gic_pcpu_init
 *fill*         0x0000000000964e5c        0x4 
 .text.plat_gic_save
                0x0000000000964e60       0x4c build-optee/imx8mn/release/bl31/plat_imx8_gic.o
                0x0000000000964e60                plat_gic_save
 *fill*         0x0000000000964eac        0x4 
 .text.plat_gic_restore
                0x0000000000964eb0       0x44 build-optee/imx8mn/release/bl31/plat_imx8_gic.o
                0x0000000000964eb0                plat_gic_restore
 *fill*         0x0000000000964ef4        0x4 
 .text.get_arm_std_svc_args
                0x0000000000964ef8        0xc build-optee/imx8mn/release/bl31/bl31_main.o
                0x0000000000964ef8                get_arm_std_svc_args
 *fill*         0x0000000000964f04        0x4 
 .text.bl31_setup
                0x0000000000964f08       0x14 build-optee/imx8mn/release/bl31/bl31_main.o
                0x0000000000964f08                bl31_setup
 *fill*         0x0000000000964f1c        0x4 
 .text.bl31_prepare_next_image_entry
                0x0000000000964f20       0x60 build-optee/imx8mn/release/bl31/bl31_main.o
                0x0000000000964f20                bl31_prepare_next_image_entry
 .text.bl31_main
                0x0000000000964f80       0x64 build-optee/imx8mn/release/bl31/bl31_main.o
                0x0000000000964f80                bl31_main
 *fill*         0x0000000000964fe4        0x4 
 .text.bl31_register_bl32_init
                0x0000000000964fe8        0xc build-optee/imx8mn/release/bl31/bl31_main.o
                0x0000000000964fe8                bl31_register_bl32_init
 *fill*         0x0000000000964ff4        0x4 
 .text.set_scr_el3_from_rm
                0x0000000000964ff8       0x8c build-optee/imx8mn/release/bl31/interrupt_mgmt.o
 *fill*         0x0000000000965084        0x4 
 .text.get_scr_el3_from_routing_model
                0x0000000000965088       0x28 build-optee/imx8mn/release/bl31/interrupt_mgmt.o
                0x0000000000965088                get_scr_el3_from_routing_model
 .text.set_routing_model
                0x00000000009650b0       0xac build-optee/imx8mn/release/bl31/interrupt_mgmt.o
                0x00000000009650b0                set_routing_model
 *fill*         0x000000000096515c        0x4 
 .text.register_interrupt_type_handler
                0x0000000000965160       0x84 build-optee/imx8mn/release/bl31/interrupt_mgmt.o
                0x0000000000965160                register_interrupt_type_handler
 *fill*         0x00000000009651e4        0x4 
 .text.get_interrupt_type_handler
                0x00000000009651e8       0x28 build-optee/imx8mn/release/bl31/interrupt_mgmt.o
                0x00000000009651e8                get_interrupt_type_handler
 .text.cm_get_context
                0x0000000000965210        0xc build-optee/imx8mn/release/bl31/bl31_context_mgmt.o
                0x0000000000965210                cm_get_context
 *fill*         0x000000000096521c        0x4 
 .text.cm_set_context
                0x0000000000965220        0xc build-optee/imx8mn/release/bl31/bl31_context_mgmt.o
                0x0000000000965220                cm_set_context
 *fill*         0x000000000096522c        0x4 
 .text.cm_get_context_by_index
                0x0000000000965230       0x24 build-optee/imx8mn/release/bl31/bl31_context_mgmt.o
                0x0000000000965230                cm_get_context_by_index
 *fill*         0x0000000000965254        0x4 
 .text.cm_set_context_by_index
                0x0000000000965258       0x28 build-optee/imx8mn/release/bl31/bl31_context_mgmt.o
                0x0000000000965258                cm_set_context_by_index
 .text.runtime_svc_init
                0x0000000000965280      0x158 build-optee/imx8mn/release/bl31/runtime_svc.o
                0x0000000000965280                runtime_svc_init
 .text.arm_arch_svc_smc_handler
                0x00000000009653d8       0xbc build-optee/imx8mn/release/bl31/arm_arch_svc_setup.o
 *fill*         0x0000000000965494        0x4 
 .text.std_svc_setup
                0x0000000000965498       0x24 build-optee/imx8mn/release/bl31/std_svc_setup.o
 *fill*         0x00000000009654bc        0x4 
 .text.std_svc_smc_handler
                0x00000000009654c0       0xc8 build-optee/imx8mn/release/bl31/std_svc_setup.o
 .text.cm_init  0x0000000000965588        0x4 build-optee/imx8mn/release/bl31/context_mgmt.o
                0x0000000000965588                cm_init
 *fill*         0x000000000096558c        0x4 
 .text.cm_setup_context
                0x0000000000965590      0x128 build-optee/imx8mn/release/bl31/context_mgmt.o
                0x0000000000965590                cm_setup_context
 .text.cm_init_context_by_index
                0x00000000009656b8       0x2c build-optee/imx8mn/release/bl31/context_mgmt.o
                0x00000000009656b8                cm_init_context_by_index
 *fill*         0x00000000009656e4        0x4 
 .text.cm_init_my_context
                0x00000000009656e8       0x2c build-optee/imx8mn/release/bl31/context_mgmt.o
                0x00000000009656e8                cm_init_my_context
 *fill*         0x0000000000965714        0x4 
 .text.cm_el1_sysregs_context_save
                0x0000000000965718       0xc0 build-optee/imx8mn/release/bl31/context_mgmt.o
                0x0000000000965718                cm_el1_sysregs_context_save
 .text.cm_el1_sysregs_context_restore
                0x00000000009657d8       0xc0 build-optee/imx8mn/release/bl31/context_mgmt.o
                0x00000000009657d8                cm_el1_sysregs_context_restore
 .text.cm_prepare_el3_exit
                0x0000000000965898       0xf4 build-optee/imx8mn/release/bl31/context_mgmt.o
                0x0000000000965898                cm_prepare_el3_exit
 *fill*         0x000000000096598c        0x4 
 .text.cm_set_elr_el3
                0x0000000000965990       0x24 build-optee/imx8mn/release/bl31/context_mgmt.o
                0x0000000000965990                cm_set_elr_el3
 *fill*         0x00000000009659b4        0x4 
 .text.cm_write_scr_el3_bit
                0x00000000009659b8       0x40 build-optee/imx8mn/release/bl31/context_mgmt.o
                0x00000000009659b8                cm_write_scr_el3_bit
 .text.cm_set_next_eret_context
                0x00000000009659f8       0x20 build-optee/imx8mn/release/bl31/context_mgmt.o
                0x00000000009659f8                cm_set_next_eret_context
 .text.psci_do_cpu_off
                0x0000000000965a18      0x100 build-optee/imx8mn/release/bl31/psci_off.o
                0x0000000000965a18                psci_do_cpu_off
 .text.psci_cpu_on_start
                0x0000000000965b18      0x188 build-optee/imx8mn/release/bl31/psci_on.o
                0x0000000000965b18                psci_cpu_on_start
 .text.psci_cpu_on_finish
                0x0000000000965ca0       0xf4 build-optee/imx8mn/release/bl31/psci_on.o
                0x0000000000965ca0                psci_cpu_on_finish
 *fill*         0x0000000000965d94        0x4 
 .text.psci_cpu_suspend_start
                0x0000000000965d98      0x1ec build-optee/imx8mn/release/bl31/psci_suspend.o
                0x0000000000965d98                psci_cpu_suspend_start
 *fill*         0x0000000000965f84        0x4 
 .text.psci_cpu_suspend_finish
                0x0000000000965f88       0xc4 build-optee/imx8mn/release/bl31/psci_suspend.o
                0x0000000000965f88                psci_cpu_suspend_finish
 *fill*         0x000000000096604c        0x4 
 .text.psci_validate_power_state
                0x0000000000966050       0x28 build-optee/imx8mn/release/bl31/psci_common.o
                0x0000000000966050                psci_validate_power_state
 .text.psci_query_sys_suspend_pwrstate
                0x0000000000966078       0x14 build-optee/imx8mn/release/bl31/psci_common.o
                0x0000000000966078                psci_query_sys_suspend_pwrstate
 *fill*         0x000000000096608c        0x4 
 .text.psci_is_last_on_cpu
                0x0000000000966090       0x60 build-optee/imx8mn/release/bl31/psci_common.o
                0x0000000000966090                psci_is_last_on_cpu
 .text.psci_init_req_local_pwr_states
                0x00000000009660f0       0x10 build-optee/imx8mn/release/bl31/psci_common.o
                0x00000000009660f0                psci_init_req_local_pwr_states
 .text.psci_get_target_local_pwr_states
                0x0000000000966100       0x94 build-optee/imx8mn/release/bl31/psci_common.o
                0x0000000000966100                psci_get_target_local_pwr_states
 *fill*         0x0000000000966194        0x4 
 .text.psci_get_parent_pwr_domain_nodes
                0x0000000000966198       0x48 build-optee/imx8mn/release/bl31/psci_common.o
                0x0000000000966198                psci_get_parent_pwr_domain_nodes
 .text.psci_set_pwr_domains_to_run
                0x00000000009661e0       0xbc build-optee/imx8mn/release/bl31/psci_common.o
                0x00000000009661e0                psci_set_pwr_domains_to_run
 *fill*         0x000000000096629c        0x4 
 .text.psci_do_state_coordination
                0x00000000009662a0      0x1d4 build-optee/imx8mn/release/bl31/psci_common.o
                0x00000000009662a0                psci_do_state_coordination
 *fill*         0x0000000000966474        0x4 
 .text.psci_find_max_off_lvl
                0x0000000000966478       0x50 build-optee/imx8mn/release/bl31/psci_common.o
                0x0000000000966478                psci_find_max_off_lvl
 .text.psci_find_target_suspend_lvl
                0x00000000009664c8       0x34 build-optee/imx8mn/release/bl31/psci_common.o
                0x00000000009664c8                psci_find_target_suspend_lvl
 *fill*         0x00000000009664fc        0x4 
 .text.psci_acquire_pwr_domain_locks
                0x0000000000966500       0x74 build-optee/imx8mn/release/bl31/psci_common.o
                0x0000000000966500                psci_acquire_pwr_domain_locks
 *fill*         0x0000000000966574        0x4 
 .text.psci_release_pwr_domain_locks
                0x0000000000966578       0x64 build-optee/imx8mn/release/bl31/psci_common.o
                0x0000000000966578                psci_release_pwr_domain_locks
 *fill*         0x00000000009665dc        0x4 
 .text.psci_validate_mpidr
                0x00000000009665e0       0x20 build-optee/imx8mn/release/bl31/psci_common.o
                0x00000000009665e0                psci_validate_mpidr
 .text.psci_validate_entry_point
                0x0000000000966600      0x110 build-optee/imx8mn/release/bl31/psci_common.o
                0x0000000000966600                psci_validate_entry_point
 .text.psci_warmboot_entrypoint
                0x0000000000966710      0x178 build-optee/imx8mn/release/bl31/psci_common.o
                0x0000000000966710                psci_warmboot_entrypoint
 .text.psci_register_spd_pm_hook
                0x0000000000966888       0x3c build-optee/imx8mn/release/bl31/psci_common.o
                0x0000000000966888                psci_register_spd_pm_hook
 *fill*         0x00000000009668c4        0x4 
 .text.psci_spd_migrate_info
                0x00000000009668c8       0x24 build-optee/imx8mn/release/bl31/psci_common.o
                0x00000000009668c8                psci_spd_migrate_info
 *fill*         0x00000000009668ec        0x4 
 .text.psci_print_power_domain_map
                0x00000000009668f0        0x4 build-optee/imx8mn/release/bl31/psci_common.o
                0x00000000009668f0                psci_print_power_domain_map
 *fill*         0x00000000009668f4        0x4 
 .text.psci_do_pwrdown_sequence
                0x00000000009668f8        0x4 build-optee/imx8mn/release/bl31/psci_common.o
                0x00000000009668f8                psci_do_pwrdown_sequence
 *fill*         0x00000000009668fc        0x4 
 .text.psci_cpu_on
                0x0000000000966900       0x5c build-optee/imx8mn/release/bl31/psci_main.o
                0x0000000000966900                psci_cpu_on
 *fill*         0x000000000096695c        0x4 
 .text.psci_cpu_suspend
                0x0000000000966960      0x11c build-optee/imx8mn/release/bl31/psci_main.o
                0x0000000000966960                psci_cpu_suspend
 *fill*         0x0000000000966a7c        0x4 
 .text.psci_system_suspend
                0x0000000000966a80       0x88 build-optee/imx8mn/release/bl31/psci_main.o
                0x0000000000966a80                psci_system_suspend
 .text.psci_affinity_info
                0x0000000000966b08       0x58 build-optee/imx8mn/release/bl31/psci_main.o
                0x0000000000966b08                psci_affinity_info
 .text.psci_migrate
                0x0000000000966b60       0x84 build-optee/imx8mn/release/bl31/psci_main.o
                0x0000000000966b60                psci_migrate
 *fill*         0x0000000000966be4        0x4 
 .text.psci_node_hw_state
                0x0000000000966be8       0x58 build-optee/imx8mn/release/bl31/psci_main.o
                0x0000000000966be8                psci_node_hw_state
 .text.psci_features
                0x0000000000966c40       0x6c build-optee/imx8mn/release/bl31/psci_main.o
                0x0000000000966c40                psci_features
 *fill*         0x0000000000966cac        0x4 
 .text.psci_smc_handler
                0x0000000000966cb0      0x32c build-optee/imx8mn/release/bl31/psci_main.o
                0x0000000000966cb0                psci_smc_handler
 *fill*         0x0000000000966fdc        0x4 
 .text.psci_setup
                0x0000000000966fe0      0x368 build-optee/imx8mn/release/bl31/psci_setup.o
                0x0000000000966fe0                psci_setup
 .text.psci_arch_setup
                0x0000000000967348       0x1c build-optee/imx8mn/release/bl31/psci_setup.o
                0x0000000000967348                psci_arch_setup
 *fill*         0x0000000000967364        0x4 
 .text.psci_system_off
                0x0000000000967368       0x38 build-optee/imx8mn/release/bl31/psci_system_off.o
                0x0000000000967368                psci_system_off
 .text.psci_system_reset
                0x00000000009673a0       0x38 build-optee/imx8mn/release/bl31/psci_system_off.o
                0x00000000009673a0                psci_system_reset
 .text.psci_system_reset2
                0x00000000009673d8       0x9c build-optee/imx8mn/release/bl31/psci_system_off.o
                0x00000000009673d8                psci_system_reset2
 *fill*         0x0000000000967474        0x4 
 .text.psci_mem_protect
                0x0000000000967478       0x64 build-optee/imx8mn/release/bl31/psci_mem_protect.o
                0x0000000000967478                psci_mem_protect
 *fill*         0x00000000009674dc        0x4 
 .text.psci_mem_chk_range
                0x00000000009674e0       0x4c build-optee/imx8mn/release/bl31/psci_mem_protect.o
                0x00000000009674e0                psci_mem_chk_range
 *fill*         0x000000000096752c        0x4 
 .text.bakery_lock_get
                0x0000000000967530       0xd8 build-optee/imx8mn/release/bl31/bakery_lock_coherent.o
                0x0000000000967530                bakery_lock_get
 .text.bakery_lock_release
                0x0000000000967608       0x34 build-optee/imx8mn/release/bl31/bakery_lock_coherent.o
                0x0000000000967608                bakery_lock_release
 *fill*         0x000000000096763c        0x4 
 .text.spe_drain_buffers_hook
                0x0000000000967640       0x28 build-optee/imx8mn/release/bl31/spe.o
 .text.spe_enable
                0x0000000000967668       0x3c build-optee/imx8mn/release/bl31/spe.o
                0x0000000000967668                spe_enable
 *fill*         0x00000000009676a4        0x4 
 .text.disable_sve_hook
                0x00000000009676a8       0x34 build-optee/imx8mn/release/bl31/sve.o
 *fill*         0x00000000009676dc        0x4 
 .text.enable_sve_hook
                0x00000000009676e0       0x34 build-optee/imx8mn/release/bl31/sve.o
 *fill*         0x0000000000967714        0x4 
 .text.sve_enable
                0x0000000000967718       0x48 build-optee/imx8mn/release/bl31/sve.o
                0x0000000000967718                sve_enable
 .text.opteed_init_optee_ep_state
                0x0000000000967760       0xa4 build-optee/imx8mn/release/bl31/opteed_common.o
                0x0000000000967760                opteed_init_optee_ep_state
 *fill*         0x0000000000967804        0x4 
 .text.opteed_synchronous_sp_entry
                0x0000000000967808       0x30 build-optee/imx8mn/release/bl31/opteed_common.o
                0x0000000000967808                opteed_synchronous_sp_entry
 .text.opteed_synchronous_sp_exit
                0x0000000000967838       0x28 build-optee/imx8mn/release/bl31/opteed_common.o
                0x0000000000967838                opteed_synchronous_sp_exit
 .text.opteed_sel1_interrupt_handler
                0x0000000000967860       0x7c build-optee/imx8mn/release/bl31/opteed_main.o
 *fill*         0x00000000009678dc        0x4 
 .text.opteed_smc_handler
                0x00000000009678e0      0x248 build-optee/imx8mn/release/bl31/opteed_main.o
 .text.opteed_setup
                0x0000000000967b28       0x98 build-optee/imx8mn/release/bl31/opteed_main.o
 .text.opteed_init
                0x0000000000967bc0       0x40 build-optee/imx8mn/release/bl31/opteed_main.o
 .text.opteed_cpu_on_handler
                0x0000000000967c00        0x4 build-optee/imx8mn/release/bl31/opteed_pm.o
 *fill*         0x0000000000967c04        0x4 
 .text.opteed_cpu_migrate_info
                0x0000000000967c08        0x8 build-optee/imx8mn/release/bl31/opteed_pm.o
 .text.opteed_system_reset
                0x0000000000967c10       0x44 build-optee/imx8mn/release/bl31/opteed_pm.o
 *fill*         0x0000000000967c54        0x4 
 .text.opteed_system_off
                0x0000000000967c58       0x44 build-optee/imx8mn/release/bl31/opteed_pm.o
 *fill*         0x0000000000967c9c        0x4 
 .text.opteed_cpu_suspend_finish_handler
                0x0000000000967ca0       0x8c build-optee/imx8mn/release/bl31/opteed_pm.o
 *fill*         0x0000000000967d2c        0x4 
 .text.opteed_cpu_suspend_handler
                0x0000000000967d30       0x8c build-optee/imx8mn/release/bl31/opteed_pm.o
 *fill*         0x0000000000967dbc        0x4 
 .text.opteed_cpu_off_handler
                0x0000000000967dc0       0x78 build-optee/imx8mn/release/bl31/opteed_pm.o
 .text.opteed_cpu_on_finish_handler
                0x0000000000967e38       0xa8 build-optee/imx8mn/release/bl31/opteed_pm.o
 .text.print_entry_point_info
                0x0000000000967ee0        0x4 build-optee/imx8mn/release/bl31/bl_common.o
                0x0000000000967ee0                print_entry_point_info
 *fill*         0x0000000000967ee4        0x4 
 .text.tf_log   0x0000000000967ee8       0xa0 build-optee/imx8mn/release/bl31/tf_log.o
                0x0000000000967ee8                tf_log
 .text.console_register
                0x0000000000967f88       0x3c build-optee/imx8mn/release/bl31/multi_console.o
                0x0000000000967f88                console_register
 *fill*         0x0000000000967fc4        0x4 
 .text.console_switch_state
                0x0000000000967fc8        0xc build-optee/imx8mn/release/bl31/multi_console.o
                0x0000000000967fc8                console_switch_state
 *fill*         0x0000000000967fd4        0x4 
 .text.console_set_scope
                0x0000000000967fd8       0x18 build-optee/imx8mn/release/bl31/multi_console.o
                0x0000000000967fd8                console_set_scope
 .text.console_putc
                0x0000000000967ff0       0xb8 build-optee/imx8mn/release/bl31/multi_console.o
                0x0000000000967ff0                console_putc
 .text.console_flush
                0x00000000009680a8       0x84 build-optee/imx8mn/release/bl31/multi_console.o
                0x00000000009680a8                console_flush
 *fill*         0x000000000096812c        0x4 
 .text.plat_log_get_prefix
                0x0000000000968130       0x3c build-optee/imx8mn/release/bl31/plat_log_common.o
                0x0000000000968130                plat_log_get_prefix
 *fill*         0x000000000096816c        0x4 
 .text.bl31_plat_runtime_setup
                0x0000000000968170        0x8 build-optee/imx8mn/release/bl31/plat_common.o
                0x0000000000968170                bl31_plat_runtime_setup
 .text.plat_ea_handler
                0x0000000000968178       0x40 build-optee/imx8mn/release/bl31/plat_common.o
                0x0000000000968178                plat_ea_handler
 .text.asm.plat_is_my_cpu_primary
                0x00000000009681b8       0x14 build-optee/imx8mn/release/bl31/imx8_helpers.o
                0x00000000009681b8                plat_is_my_cpu_primary
 .text.asm.plat_my_core_pos
                0x00000000009681cc       0x14 build-optee/imx8mn/release/bl31/imx8_helpers.o
                0x00000000009681cc                plat_my_core_pos
 .text.asm.plat_reset_handler
                0x00000000009681e0       0x38 build-optee/imx8mn/release/bl31/imx8_helpers.o
                0x00000000009681e0                plat_reset_handler
 .text.asm.plat_get_my_entrypoint
                0x0000000000968218        0xc build-optee/imx8mn/release/bl31/imx8_helpers.o
                0x0000000000968218                plat_get_my_entrypoint
 .text.asm.imx_mailbox_init
                0x0000000000968224        0xc build-optee/imx8mn/release/bl31/imx8_helpers.o
                0x0000000000968224                imx_mailbox_init
 .text.asm.plat_secondary_cold_boot_setup
                0x0000000000968230        0x4 build-optee/imx8mn/release/bl31/imx8_helpers.o
                0x0000000000968230                plat_secondary_cold_boot_setup
 .text.asm.plat_crash_console_init
                0x0000000000968234        0x8 build-optee/imx8mn/release/bl31/imx8_helpers.o
                0x0000000000968234                plat_crash_console_init
 .text.asm.plat_crash_console_putc
                0x000000000096823c        0x4 build-optee/imx8mn/release/bl31/imx8_helpers.o
                0x000000000096823c                plat_crash_console_putc
 .text.asm.plat_crash_console_flush
                0x0000000000968240        0x8 build-optee/imx8mn/release/bl31/imx8_helpers.o
                0x0000000000968240                plat_crash_console_flush
 .text.asm.platform_mem_init
                0x0000000000968248        0x4 build-optee/imx8mn/release/bl31/imx8_helpers.o
                0x0000000000968248                platform_mem_init
 .text.asm.console_imx_uart_register
                0x000000000096824c       0x54 build-optee/imx8mn/release/bl31/imx_uart_console.o
                0x000000000096824c                console_imx_uart_register
 .text.asm.console_imx_uart_init
                0x00000000009682a0        0x8 build-optee/imx8mn/release/bl31/imx_uart_console.o
                0x00000000009682a0                console_imx_uart_init
 .text.asm.console_imx_uart_putc
                0x00000000009682a8       0x38 build-optee/imx8mn/release/bl31/imx_uart_console.o
                0x00000000009682a8                console_imx_uart_putc
 .text.asm.console_imx_uart_getc
                0x00000000009682e0       0x24 build-optee/imx8mn/release/bl31/imx_uart_console.o
                0x00000000009682e0                console_imx_uart_getc
 .text.asm.console_imx_uart_flush
                0x0000000000968304        0x8 build-optee/imx8mn/release/bl31/imx_uart_console.o
                0x0000000000968304                console_imx_uart_flush
 .text.asm.cortex_a53_disable_dcache
                0x000000000096830c       0x14 build-optee/imx8mn/release/bl31/cortex_a53.o
 .text.asm.cortex_a53_disable_smp
                0x0000000000968320       0x18 build-optee/imx8mn/release/bl31/cortex_a53.o
 .text.asm.errata_a53_855873_wa
                0x0000000000968338       0x1c build-optee/imx8mn/release/bl31/cortex_a53.o
 .text.asm.check_errata_855873
                0x0000000000968354        0x8 build-optee/imx8mn/release/bl31/cortex_a53.o
 .text.asm.cortex_a53_reset_func
                0x000000000096835c       0x28 build-optee/imx8mn/release/bl31/cortex_a53.o
 .text.asm.cortex_a53_core_pwr_dwn
                0x0000000000968384       0x18 build-optee/imx8mn/release/bl31/cortex_a53.o
 .text.asm.cortex_a53_cluster_pwr_dwn
                0x000000000096839c       0x24 build-optee/imx8mn/release/bl31/cortex_a53.o
 .text.asm.enable_mmu_direct_el3
                0x00000000009683c0       0x58 build-optee/imx8mn/release/bl31/enable_mmu.o
                0x00000000009683c0                enable_mmu_direct_el3
 .text.asm.report_unhandled_exception
                0x0000000000968418        0x4 build-optee/imx8mn/release/bl31/crash_reporting.o
                0x0000000000968418                report_unhandled_exception
                0x0000000000968418                report_unhandled_interrupt
 .text.asm.enter_lower_el_sync_ea
                0x000000000096841c       0x74 build-optee/imx8mn/release/bl31/ea_delegate.o
                0x000000000096841c                enter_lower_el_sync_ea
 .text.asm.enter_lower_el_async_ea
                0x0000000000968490       0x18 build-optee/imx8mn/release/bl31/ea_delegate.o
                0x0000000000968490                enter_lower_el_async_ea
 .text.asm.delegate_sync_ea
                0x00000000009684a8        0x4 build-optee/imx8mn/release/bl31/ea_delegate.o
 .text.asm.delegate_async_ea
                0x00000000009684ac        0x4 build-optee/imx8mn/release/bl31/ea_delegate.o
 .text.asm.ea_proceed
                0x00000000009684b0       0x68 build-optee/imx8mn/release/bl31/ea_delegate.o
 .text.asm.smc_handler
                0x0000000000968518       0x78 build-optee/imx8mn/release/bl31/runtime_exceptions.o
 .text.asm.plat_get_my_stack
                0x0000000000968590       0x1c build-optee/imx8mn/release/bl31/platform_mp_stack.o
                0x0000000000968590                plat_get_my_stack
 .text.asm.plat_set_my_stack
                0x00000000009685ac       0x10 build-optee/imx8mn/release/bl31/platform_mp_stack.o
                0x00000000009685ac                plat_set_my_stack
 .text.asm.init_cpu_data_ptr
                0x00000000009685bc       0x14 build-optee/imx8mn/release/bl31/cpu_data.o
                0x00000000009685bc                init_cpu_data_ptr
 .text.asm._cpu_data_by_index
                0x00000000009685d0       0x14 build-optee/imx8mn/release/bl31/cpu_data.o
                0x00000000009685d0                _cpu_data_by_index
 .text.asm.reset_handler
                0x00000000009685e4       0x20 build-optee/imx8mn/release/bl31/cpu_helpers.o
                0x00000000009685e4                reset_handler
 .text.asm.prepare_cpu_pwr_dwn
                0x0000000000968604       0x24 build-optee/imx8mn/release/bl31/cpu_helpers.o
                0x0000000000968604                prepare_cpu_pwr_dwn
 .text.asm.init_cpu_ops
                0x0000000000968628       0x20 build-optee/imx8mn/release/bl31/cpu_helpers.o
                0x0000000000968628                init_cpu_ops
 .text.asm.get_cpu_ops_ptr
                0x0000000000968648       0x3c build-optee/imx8mn/release/bl31/cpu_helpers.o
                0x0000000000968648                get_cpu_ops_ptr
 .text.asm.cpu_get_rev_var
                0x0000000000968684       0x10 build-optee/imx8mn/release/bl31/cpu_helpers.o
                0x0000000000968684                cpu_get_rev_var
 .text.asm.cpu_rev_var_hs
                0x0000000000968694       0x14 build-optee/imx8mn/release/bl31/cpu_helpers.o
                0x0000000000968694                cpu_rev_var_hs
 .text.asm.check_wa_cve_2017_5715
                0x00000000009686a8       0x20 build-optee/imx8mn/release/bl31/cpu_helpers.o
                0x00000000009686a8                check_wa_cve_2017_5715
 .text.asm.spin_lock
                0x00000000009686c8       0x20 build-optee/imx8mn/release/bl31/spinlock.o
                0x00000000009686c8                spin_lock
 .text.asm.spin_unlock
                0x00000000009686e8        0x8 build-optee/imx8mn/release/bl31/spinlock.o
                0x00000000009686e8                spin_unlock
 .text.asm.psci_do_pwrdown_cache_maintenance
                0x00000000009686f0       0x3c build-optee/imx8mn/release/bl31/psci_helpers.o
                0x00000000009686f0                psci_do_pwrdown_cache_maintenance
 .text.asm.psci_do_pwrup_cache_maintenance
                0x000000000096872c       0x34 build-optee/imx8mn/release/bl31/psci_helpers.o
                0x000000000096872c                psci_do_pwrup_cache_maintenance
 .text.asm.psci_power_down_wfi
                0x0000000000968760        0xc build-optee/imx8mn/release/bl31/psci_helpers.o
                0x0000000000968760                psci_power_down_wfi
 .text.asm.el1_sysregs_context_save
                0x000000000096876c       0xcc build-optee/imx8mn/release/bl31/context.o
                0x000000000096876c                el1_sysregs_context_save
 .text.asm.el1_sysregs_context_restore
                0x0000000000968838       0xcc build-optee/imx8mn/release/bl31/context.o
                0x0000000000968838                el1_sysregs_context_restore
 .text.asm.save_gp_pmcr_pauth_regs
                0x0000000000968904       0x74 build-optee/imx8mn/release/bl31/context.o
                0x0000000000968904                save_gp_pmcr_pauth_regs
 .text.asm.restore_gp_pmcr_pauth_regs
                0x0000000000968978       0x68 build-optee/imx8mn/release/bl31/context.o
                0x0000000000968978                restore_gp_pmcr_pauth_regs
 .text.asm.el3_exit
                0x00000000009689e0       0x2c build-optee/imx8mn/release/bl31/context.o
                0x00000000009689e0                el3_exit
 .text.asm.opteed_enter_sp
                0x0000000000968a0c       0x28 build-optee/imx8mn/release/bl31/opteed_helpers.o
                0x0000000000968a0c                opteed_enter_sp
 .text.asm.opteed_exit_sp
                0x0000000000968a34       0x24 build-optee/imx8mn/release/bl31/opteed_helpers.o
                0x0000000000968a34                opteed_exit_sp
 .text.asm.asm_print_str
                0x0000000000968a58       0x18 build-optee/imx8mn/release/bl31/debug.o
                0x0000000000968a58                asm_print_str
 .text.asm.asm_print_hex
                0x0000000000968a70       0x30 build-optee/imx8mn/release/bl31/debug.o
                0x0000000000968a70                asm_print_hex
                0x0000000000968a74                asm_print_hex_bits
 .text.asm.do_panic
                0x0000000000968aa0       0x2c build-optee/imx8mn/release/bl31/debug.o
                0x0000000000968aa0                do_panic
                0x0000000000968aa0                el3_panic
 .text.asm.flush_dcache_range
                0x0000000000968acc       0x38 build-optee/imx8mn/release/bl31/cache_helpers.o
                0x0000000000968acc                flush_dcache_range
 .text.asm.clean_dcache_range
                0x0000000000968b04       0x38 build-optee/imx8mn/release/bl31/cache_helpers.o
                0x0000000000968b04                clean_dcache_range
 .text.asm.inv_dcache_range
                0x0000000000968b3c       0x38 build-optee/imx8mn/release/bl31/cache_helpers.o
                0x0000000000968b3c                inv_dcache_range
 .text.asm.do_dcsw_op
                0x0000000000968b74       0xdc build-optee/imx8mn/release/bl31/cache_helpers.o
 .text.asm.dcsw_op_all
                0x0000000000968c50       0x14 build-optee/imx8mn/release/bl31/cache_helpers.o
                0x0000000000968c50                dcsw_op_all
 .text.asm.dcsw_op_level1
                0x0000000000968c64       0x10 build-optee/imx8mn/release/bl31/cache_helpers.o
                0x0000000000968c64                dcsw_op_level1
 .text.asm.dcsw_op_level2
                0x0000000000968c74       0x10 build-optee/imx8mn/release/bl31/cache_helpers.o
                0x0000000000968c74                dcsw_op_level2
 .text.asm.zeromem
                0x0000000000968c84        0x8 build-optee/imx8mn/release/bl31/misc_helpers.o
                0x0000000000968c84                zeromem
 .text.asm.zeromem_dczva
                0x0000000000968c8c       0xe8 build-optee/imx8mn/release/bl31/misc_helpers.o
                0x0000000000968c8c                zero_normalmem
 .text.asm.plat_disable_acp
                0x0000000000968d74        0x4 build-optee/imx8mn/release/bl31/platform_helpers.o
                0x0000000000968d74                plat_disable_acp
 .text.asm.plat_panic_handler
                0x0000000000968d78        0x8 build-optee/imx8mn/release/bl31/platform_helpers.o
                0x0000000000968d78                plat_panic_handler
 .text.asm.bl31_plat_enable_mmu
                0x0000000000968d80        0x4 build-optee/imx8mn/release/bl31/platform_helpers.o
                0x0000000000968d80                bl31_plat_enable_mmu
 .text.asm.plat_handle_double_fault
                0x0000000000968d84        0x4 build-optee/imx8mn/release/bl31/platform_helpers.o
                0x0000000000968d84                plat_handle_double_fault
 .text.asm.plat_handle_el3_ea
                0x0000000000968d88        0x4 build-optee/imx8mn/release/bl31/platform_helpers.o
                0x0000000000968d88                plat_handle_el3_ea
 *fill*         0x0000000000968d8c        0x4 
 .text.memcpy   0x0000000000968d90       0x20 build-optee/imx8mn/release/lib/libc.a(memcpy.o)
                0x0000000000968d90                memcpy
 .text.memmove  0x0000000000968db0       0x50 build-optee/imx8mn/release/lib/libc.a(memmove.o)
                0x0000000000968db0                memmove
 .text.memset   0x0000000000968e00       0x20 build-optee/imx8mn/release/lib/libc.a(memset.o)
                0x0000000000968e00                memset
 .text.unsigned_num_print
                0x0000000000968e20       0xdc build-optee/imx8mn/release/lib/libc.a(printf.o)
 *fill*         0x0000000000968efc        0x4 
 .text.vprintf  0x0000000000968f00      0x4f4 build-optee/imx8mn/release/lib/libc.a(printf.o)
                0x0000000000968f00                vprintf
 *fill*         0x00000000009693f4        0x4 
 .text.printf   0x00000000009693f8       0x50 build-optee/imx8mn/release/lib/libc.a(printf.o)
                0x00000000009693f8                printf
 .text.putchar  0x0000000000969448       0x2c build-optee/imx8mn/release/lib/libc.a(putchar.o)
                0x0000000000969448                putchar
 *fill*         0x0000000000969474        0x4 
 .text.strchr   0x0000000000969478       0x2c build-optee/imx8mn/release/lib/libc.a(strchr.o)
                0x0000000000969478                strchr
 *(.rodata*)
 *fill*         0x00000000009694a4        0x4 
 .rodata.build_message
                0x00000000009694a8       0x1e build-optee/imx8mn/release/bl31/build_message.o
                0x00000000009694a8                build_message
 *fill*         0x00000000009694c6        0x2 
 .rodata.version_string
                0x00000000009694c8       0x2a build-optee/imx8mn/release/bl31/build_message.o
                0x00000000009694c8                version_string
 *fill*         0x00000000009694f2        0x6 
 .rodata.gpc_imr_offset
                0x00000000009694f8       0x10 build-optee/imx8mn/release/bl31/gpc_common.o
 .rodata.aipstz
                0x0000000000969508       0xc8 build-optee/imx8mn/release/bl31/imx8mn_bl31_setup.o
 .rodata.csu_cfg
                0x00000000009695d0       0x18 build-optee/imx8mn/release/bl31/imx8mn_bl31_setup.o
 .rodata.imx_mmap
                0x00000000009695e8      0x168 build-optee/imx8mn/release/bl31/imx8mn_bl31_setup.o
 .rodata.rdc    0x0000000000969750       0x8c build-optee/imx8mn/release/bl31/imx8mn_bl31_setup.o
 *fill*         0x00000000009697dc        0x4 
 .rodata.imx_plat_psci_ops
                0x00000000009697e0       0xa8 build-optee/imx8mn/release/bl31/imx8mn_psci.o
 .rodata.imx_power_domain_tree_desc
                0x0000000000969888        0x4 build-optee/imx8mn/release/bl31/imx8_topology.o
                0x0000000000969888                imx_power_domain_tree_desc
 *fill*         0x000000000096988c        0x4 
 .rodata.str1.8
                0x0000000000969890        0xc build-optee/imx8mn/release/bl31/imx_sip_svc.o
 *fill*         0x000000000096989c        0x4 
 .rodata.mmap_add_region_ctx.str1.8
                0x00000000009698a0       0x2b build-optee/imx8mn/release/bl31/xlat_tables_core.o
 *fill*         0x00000000009698cb        0x5 
 .rodata.init_xlat_tables_ctx.str1.8
                0x00000000009698d0       0x4f build-optee/imx8mn/release/bl31/xlat_tables_core.o
 *fill*         0x000000000096991f        0x1 
 .rodata.fsp_init_reg
                0x0000000000969920       0x30 build-optee/imx8mn/release/bl31/dram.o
 .rodata.ddr4_swffc.str1.8
                0x0000000000969950       0x2a build-optee/imx8mn/release/bl31/ddr4_dvfs.o
 *fill*         0x000000000096997a        0x6 
 .rodata.CSWTCH.10
                0x0000000000969980       0x10 build-optee/imx8mn/release/bl31/plat_gicv3.o
 .rodata.arm_gic_data
                0x0000000000969990       0x30 build-optee/imx8mn/release/bl31/plat_imx8_gic.o
                0x0000000000969990                arm_gic_data
 .rodata.g01s_interrupt_props
                0x00000000009699c0        0x4 build-optee/imx8mn/release/bl31/plat_imx8_gic.o
 *fill*         0x00000000009699c4        0x4 
 .rodata.bl31_prepare_next_image_entry.str1.8
                0x00000000009699c8       0x50 build-optee/imx8mn/release/bl31/bl31_main.o
 .rodata.bl31_main.str1.8
                0x0000000000969a18        0xb build-optee/imx8mn/release/bl31/bl31_main.o
 *fill*         0x0000000000969a23        0x5 
 .rodata.psci_args.2914
                0x0000000000969a28       0x10 build-optee/imx8mn/release/bl31/bl31_main.o
 .rodata.runtime_svc_init.str1.8
                0x0000000000969a38       0x50 build-optee/imx8mn/release/bl31/runtime_svc.o
 .rodata.str1.8
                0x0000000000969a88        0xd build-optee/imx8mn/release/bl31/arm_arch_svc_setup.o
 *fill*         0x0000000000969a95        0x3 
 .rodata.str1.8
                0x0000000000969a98        0x8 build-optee/imx8mn/release/bl31/std_svc_setup.o
 .rodata.psci_warmboot_entrypoint.str1.8
                0x0000000000969aa0       0x20 build-optee/imx8mn/release/bl31/psci_common.o
 .rodata.psci_cpu_suspend.str1.8
                0x0000000000969ac0       0x33 build-optee/imx8mn/release/bl31/psci_main.o
 *fill*         0x0000000000969af3        0x5 
 .rodata.str1.8
                0x0000000000969af8       0x1c build-optee/imx8mn/release/bl31/opteed_main.o
 *fill*         0x0000000000969b14        0x4 
 .rodata.opteed_pm
                0x0000000000969b18       0x48 build-optee/imx8mn/release/bl31/opteed_pm.o
                0x0000000000969b18                opteed_pm
 .rodata.str1.8
                0x0000000000969b60       0x4a build-optee/imx8mn/release/bl31/plat_log_common.o
 *fill*         0x0000000000969baa        0x6 
 .rodata.plat_prefix_str
                0x0000000000969bb0       0x28 build-optee/imx8mn/release/bl31/plat_log_common.o
 .rodata.plat_ea_handler.str1.8
                0x0000000000969bd8       0x5f build-optee/imx8mn/release/bl31/plat_common.o
 .rodata.panic_str
                0x0000000000969c37       0x11 build-optee/imx8mn/release/bl31/debug.o
 .rodata.vprintf.str1.8
                0x0000000000969c48        0x8 build-optee/imx8mn/release/lib/libc.a(printf.o)
                                          0x3 (size before relaxing)
                0x0000000000969c50                . = ALIGN (0x8)
                0x0000000000969c50                __RT_SVC_DESCS_START__ = .
 *(rt_svc_descs)
 rt_svc_descs   0x0000000000969c50       0x20 build-optee/imx8mn/release/bl31/imx_sip_svc.o
 rt_svc_descs   0x0000000000969c70       0x20 build-optee/imx8mn/release/bl31/arm_arch_svc_setup.o
 rt_svc_descs   0x0000000000969c90       0x20 build-optee/imx8mn/release/bl31/std_svc_setup.o
 rt_svc_descs   0x0000000000969cb0       0x40 build-optee/imx8mn/release/bl31/opteed_main.o
                0x0000000000969cf0                __RT_SVC_DESCS_END__ = .
                0x0000000000969cf0                . = ALIGN (0x8)
                0x0000000000969cf0                __CPU_OPS_START__ = .
 *(cpu_ops)
 cpu_ops        0x0000000000969cf0       0x38 build-optee/imx8mn/release/bl31/cortex_a53.o
                0x0000000000969d28                __CPU_OPS_END__ = .
                0x0000000000969d28                . = ALIGN (0x8)
                0x0000000000969d28                __GOT_START__ = .
 *(.got)
                0x0000000000969d28                __GOT_END__ = .
                0x0000000000969d28                . = ALIGN (0x8)
                0x0000000000969d28                __pubsub_psci_cpu_on_finish_start = .
 *(__pubsub_psci_cpu_on_finish)
                0x0000000000969d28                __pubsub_psci_cpu_on_finish_end = .
                0x0000000000969d28                __pubsub_psci_suspend_pwrdown_start_start = .
 *(__pubsub_psci_suspend_pwrdown_start)
                0x0000000000969d28                __pubsub_psci_suspend_pwrdown_start_end = .
                0x0000000000969d28                __pubsub_psci_suspend_pwrdown_finish_start = .
 *(__pubsub_psci_suspend_pwrdown_finish)
                0x0000000000969d28                __pubsub_psci_suspend_pwrdown_finish_end = .
                0x0000000000969d28                __pubsub_cm_entering_secure_world_start = .
 *(__pubsub_cm_entering_secure_world)
 __pubsub_cm_entering_secure_world
                0x0000000000969d28        0x8 build-optee/imx8mn/release/bl31/spe.o
                0x0000000000969d28                __cb_func_spe_drain_buffers_hookcm_entering_secure_world
                0x0000000000969d30                __pubsub_cm_entering_secure_world_end = .
                0x0000000000969d30                __pubsub_cm_exited_secure_world_start = .
 *(__pubsub_cm_exited_secure_world)
                0x0000000000969d30                __pubsub_cm_exited_secure_world_end = .
                0x0000000000969d30                __pubsub_cm_entering_normal_world_start = .
 *(__pubsub_cm_entering_normal_world)
 __pubsub_cm_entering_normal_world
                0x0000000000969d30        0x8 build-optee/imx8mn/release/bl31/sve.o
                0x0000000000969d30                __cb_func_enable_sve_hookcm_entering_normal_world
                0x0000000000969d38                __pubsub_cm_entering_normal_world_end = .
                0x0000000000969d38                __pubsub_cm_exited_normal_world_start = .
 *(__pubsub_cm_exited_normal_world)
 __pubsub_cm_exited_normal_world
                0x0000000000969d38        0x8 build-optee/imx8mn/release/bl31/sve.o
                0x0000000000969d38                __cb_func_disable_sve_hookcm_exited_normal_world
                0x0000000000969d40                __pubsub_cm_exited_normal_world_end = .
 *(.vectors)
 *fill*         0x0000000000969d40      0x2c0 
 .vectors       0x000000000096a000      0x800 build-optee/imx8mn/release/bl31/runtime_exceptions.o
                0x000000000096a000                sync_exception_sp_el0
                0x000000000096a000                runtime_exceptions
                0x000000000096a080                irq_sp_el0
                0x000000000096a100                fiq_sp_el0
                0x000000000096a180                serror_sp_el0
                0x000000000096a200                sync_exception_sp_elx
                0x000000000096a280                irq_sp_elx
                0x000000000096a300                fiq_sp_elx
                0x000000000096a380                serror_sp_elx
                0x000000000096a400                sync_exception_aarch64
                0x000000000096a480                irq_aarch64
                0x000000000096a500                fiq_aarch64
                0x000000000096a580                serror_aarch64
                0x000000000096a600                sync_exception_aarch32
                0x000000000096a680                irq_aarch32
                0x000000000096a700                fiq_aarch32
                0x000000000096a780                serror_aarch32
                0x000000000096a800                __RO_END_UNALIGNED__ = .
                0x000000000096b000                . = ALIGN (0x1000)
 *fill*         0x000000000096a800      0x800 
                0x000000000096b000                __RO_END__ = .
                0x0000000000000001                ASSERT ((__CPU_OPS_END__ > __CPU_OPS_START__), cpu_ops not defined for this platform.)
                0x000000000096b000                __RW_START__ = .

.iplt           0x000000000096b000        0x0
 .iplt          0x000000000096b000        0x0 build-optee/imx8mn/release/bl31/build_message.o

.data           0x000000000096b000      0x1b0
                0x000000000096b000                __DATA_START__ = .
 *(.data*)
 .data.pll      0x000000000096b000       0x50 build-optee/imx8mn/release/bl31/gpc_common.o
                0x000000000096b000                pll
 .data.pu_domains
                0x000000000096b050       0xdc build-optee/imx8mn/release/bl31/gpc.o
 *fill*         0x000000000096b12c        0x4 
 .data.tf_xlat_ctx
                0x000000000096b130       0x60 build-optee/imx8mn/release/bl31/xlat_tables_context.o
 .data.dev_fsp  0x000000000096b190        0x4 build-optee/imx8mn/release/bl31/dram.o
 .data.wait_ddrc_hwffc_done
                0x000000000096b194        0x1 build-optee/imx8mn/release/bl31/dram.o
 *fill*         0x000000000096b195        0x3 
 .data.next_image_type
                0x000000000096b198        0x4 build-optee/imx8mn/release/bl31/bl31_main.o
 .data.max_log_level
                0x000000000096b19c        0x4 build-optee/imx8mn/release/bl31/tf_log.o
 .data.console_state
                0x000000000096b1a0        0x1 build-optee/imx8mn/release/bl31/multi_console.o
                0x000000000096b1a0                console_state
 *fill*         0x000000000096b1a1        0x7 
 .data.mailbox_base
                0x000000000096b1a8        0x8 build-optee/imx8mn/release/bl31/imx8_helpers.o
                0x000000000096b1b0                __DATA_END__ = .

.igot.plt       0x000000000096b1b0        0x0
 .igot.plt      0x000000000096b1b0        0x0 build-optee/imx8mn/release/bl31/build_message.o
                0x000000000096b1b0                . = ALIGN (0x8)
                0x000000000096b1b0                __RELA_START__ = .

.rela.dyn       0x000000000096b1b0        0x0
 .rela.iplt     0x000000000096b1b0        0x0 build-optee/imx8mn/release/bl31/build_message.o
 .rela.text.bl31_plat_arch_setup
                0x000000000096b1b0        0x0 build-optee/imx8mn/release/bl31/build_message.o
 .rela.rodata.imx_plat_psci_ops
                0x000000000096b1b0        0x0 build-optee/imx8mn/release/bl31/build_message.o
 .rela.text.imx_noc_wrapper_pre_suspend
                0x000000000096b1b0        0x0 build-optee/imx8mn/release/bl31/build_message.o
 .rela.text.imx_noc_wrapper_post_resume
                0x000000000096b1b0        0x0 build-optee/imx8mn/release/bl31/build_message.o
 .rela.text.tzc380_init
                0x000000000096b1b0        0x0 build-optee/imx8mn/release/bl31/build_message.o
 .rela.text.tzc380_configure_region
                0x000000000096b1b0        0x0 build-optee/imx8mn/release/bl31/build_message.o
 .rela.text.enable_mmu_el3
                0x000000000096b1b0        0x0 build-optee/imx8mn/release/bl31/build_message.o
 .rela.text.waiting_dvfs
                0x000000000096b1b0        0x0 build-optee/imx8mn/release/bl31/build_message.o
 .rela.text.dram_info_init
                0x000000000096b1b0        0x0 build-optee/imx8mn/release/bl31/build_message.o
 .rela.text.dram_dvfs_get_freq_info
                0x000000000096b1b0        0x0 build-optee/imx8mn/release/bl31/build_message.o
 .rela.text.dram_dvfs_handler
                0x000000000096b1b0        0x0 build-optee/imx8mn/release/bl31/build_message.o
 .rela.text.dram_enter_retention
                0x000000000096b1b0        0x0 build-optee/imx8mn/release/bl31/build_message.o
 .rela.text.dram_exit_retention
                0x000000000096b1b0        0x0 build-optee/imx8mn/release/bl31/build_message.o
 .rela.text.arm_gicv3_distif_pre_save
                0x000000000096b1b0        0x0 build-optee/imx8mn/release/bl31/build_message.o
 .rela.text.arm_gicv3_distif_post_restore
                0x000000000096b1b0        0x0 build-optee/imx8mn/release/bl31/build_message.o
 .rela.text.gicv3_driver_init
                0x000000000096b1b0        0x0 build-optee/imx8mn/release/bl31/build_message.o
 .rela.text.gicv3_distif_init
                0x000000000096b1b0        0x0 build-optee/imx8mn/release/bl31/build_message.o
 .rela.text.gicv3_rdistif_init
                0x000000000096b1b0        0x0 build-optee/imx8mn/release/bl31/build_message.o
 .rela.text.gicv3_cpuif_enable
                0x000000000096b1b0        0x0 build-optee/imx8mn/release/bl31/build_message.o
 .rela.text.gicv3_cpuif_disable
                0x000000000096b1b0        0x0 build-optee/imx8mn/release/bl31/build_message.o
 .rela.text.gicv3_rdistif_save
                0x000000000096b1b0        0x0 build-optee/imx8mn/release/bl31/build_message.o
 .rela.text.gicv3_rdistif_init_restore
                0x000000000096b1b0        0x0 build-optee/imx8mn/release/bl31/build_message.o
 .rela.text.gicv3_distif_save
                0x000000000096b1b0        0x0 build-optee/imx8mn/release/bl31/build_message.o
 .rela.text.gicv3_distif_init_restore
                0x000000000096b1b0        0x0 build-optee/imx8mn/release/bl31/build_message.o
 .rela.rodata.arm_gic_data
                0x000000000096b1b0        0x0 build-optee/imx8mn/release/bl31/build_message.o
 .rela.text.runtime_svc_init
                0x000000000096b1b0        0x0 build-optee/imx8mn/release/bl31/build_message.o
 .rela.text.cm_el1_sysregs_context_save
                0x000000000096b1b0        0x0 build-optee/imx8mn/release/bl31/build_message.o
 .rela.text.cm_el1_sysregs_context_restore
                0x000000000096b1b0        0x0 build-optee/imx8mn/release/bl31/build_message.o
 .rela.text.psci_do_cpu_off
                0x000000000096b1b0        0x0 build-optee/imx8mn/release/bl31/build_message.o
 .rela.text.psci_cpu_on_start
                0x000000000096b1b0        0x0 build-optee/imx8mn/release/bl31/build_message.o
 .rela.text.psci_cpu_on_finish
                0x000000000096b1b0        0x0 build-optee/imx8mn/release/bl31/build_message.o
 .rela.text.psci_cpu_suspend_start
                0x000000000096b1b0        0x0 build-optee/imx8mn/release/bl31/build_message.o
 .rela.text.psci_cpu_suspend_finish
                0x000000000096b1b0        0x0 build-optee/imx8mn/release/bl31/build_message.o
 .rela.text.psci_validate_power_state
                0x000000000096b1b0        0x0 build-optee/imx8mn/release/bl31/build_message.o
 .rela.text.psci_query_sys_suspend_pwrstate
                0x000000000096b1b0        0x0 build-optee/imx8mn/release/bl31/build_message.o
 .rela.text.psci_get_target_local_pwr_states
                0x000000000096b1b0        0x0 build-optee/imx8mn/release/bl31/build_message.o
 .rela.text.psci_get_parent_pwr_domain_nodes
                0x000000000096b1b0        0x0 build-optee/imx8mn/release/bl31/build_message.o
 .rela.text.psci_set_pwr_domains_to_run
                0x000000000096b1b0        0x0 build-optee/imx8mn/release/bl31/build_message.o
 .rela.text.psci_do_state_coordination
                0x000000000096b1b0        0x0 build-optee/imx8mn/release/bl31/build_message.o
 .rela.text.psci_validate_entry_point
                0x000000000096b1b0        0x0 build-optee/imx8mn/release/bl31/build_message.o
 .rela.text.psci_warmboot_entrypoint
                0x000000000096b1b0        0x0 build-optee/imx8mn/release/bl31/build_message.o
 .rela.text.psci_register_spd_pm_hook
                0x000000000096b1b0        0x0 build-optee/imx8mn/release/bl31/build_message.o
 .rela.text.psci_spd_migrate_info
                0x000000000096b1b0        0x0 build-optee/imx8mn/release/bl31/build_message.o
 .rela.text.psci_cpu_suspend
                0x000000000096b1b0        0x0 build-optee/imx8mn/release/bl31/build_message.o
 .rela.text.psci_migrate
                0x000000000096b1b0        0x0 build-optee/imx8mn/release/bl31/build_message.o
 .rela.text.psci_node_hw_state
                0x000000000096b1b0        0x0 build-optee/imx8mn/release/bl31/build_message.o
 .rela.text.psci_features
                0x000000000096b1b0        0x0 build-optee/imx8mn/release/bl31/build_message.o
 .rela.text.psci_smc_handler
                0x000000000096b1b0        0x0 build-optee/imx8mn/release/bl31/build_message.o
 .rela.text.psci_setup
                0x000000000096b1b0        0x0 build-optee/imx8mn/release/bl31/build_message.o
 .rela.text.psci_system_off
                0x000000000096b1b0        0x0 build-optee/imx8mn/release/bl31/build_message.o
 .rela.text.psci_system_reset
                0x000000000096b1b0        0x0 build-optee/imx8mn/release/bl31/build_message.o
 .rela.text.psci_system_reset2
                0x000000000096b1b0        0x0 build-optee/imx8mn/release/bl31/build_message.o
 .rela.text.psci_mem_protect
                0x000000000096b1b0        0x0 build-optee/imx8mn/release/bl31/build_message.o
 .rela.text.psci_mem_chk_range
                0x000000000096b1b0        0x0 build-optee/imx8mn/release/bl31/build_message.o
 .rela.text.opteed_sel1_interrupt_handler
                0x000000000096b1b0        0x0 build-optee/imx8mn/release/bl31/build_message.o
 .rela.text.opteed_smc_handler
                0x000000000096b1b0        0x0 build-optee/imx8mn/release/bl31/build_message.o
 .rela.text.opteed_setup
                0x000000000096b1b0        0x0 build-optee/imx8mn/release/bl31/build_message.o
 .rela.text.opteed_init
                0x000000000096b1b0        0x0 build-optee/imx8mn/release/bl31/build_message.o
 .rela.text.opteed_system_reset
                0x000000000096b1b0        0x0 build-optee/imx8mn/release/bl31/build_message.o
 .rela.text.opteed_system_off
                0x000000000096b1b0        0x0 build-optee/imx8mn/release/bl31/build_message.o
 .rela.text.opteed_cpu_suspend_finish_handler
                0x000000000096b1b0        0x0 build-optee/imx8mn/release/bl31/build_message.o
 .rela.text.opteed_cpu_suspend_handler
                0x000000000096b1b0        0x0 build-optee/imx8mn/release/bl31/build_message.o
 .rela.text.opteed_cpu_off_handler
                0x000000000096b1b0        0x0 build-optee/imx8mn/release/bl31/build_message.o
 .rela.text.opteed_cpu_on_finish_handler
                0x000000000096b1b0        0x0 build-optee/imx8mn/release/bl31/build_message.o
 .rela.text.console_register
                0x000000000096b1b0        0x0 build-optee/imx8mn/release/bl31/build_message.o
 .rela.text.console_putc
                0x000000000096b1b0        0x0 build-optee/imx8mn/release/bl31/build_message.o
 .rela.text.console_flush
                0x000000000096b1b0        0x0 build-optee/imx8mn/release/bl31/build_message.o
 .rela.text.asm.enable_mmu_direct_el3
                0x000000000096b1b0        0x0 build-optee/imx8mn/release/bl31/build_message.o
 .rela.text.asm.bl31_entrypoint
                0x000000000096b1b0        0x0 build-optee/imx8mn/release/bl31/build_message.o
 .rela.text.asm.smc_handler
                0x000000000096b1b0        0x0 build-optee/imx8mn/release/bl31/build_message.o
 .rela.text.asm._cpu_data_by_index
                0x000000000096b1b0        0x0 build-optee/imx8mn/release/bl31/build_message.o
 .rela.text.asm.get_cpu_ops_ptr
                0x000000000096b1b0        0x0 build-optee/imx8mn/release/bl31/build_message.o
                0x000000000096b1b0                __RELA_END__ = .

stacks          0x000000000096b1c0     0x2c00
                0x000000000096b1c0                __STACKS_START__ = .
 *(tzfw_normal_stacks)
 tzfw_normal_stacks
                0x000000000096b1c0     0x2c00 build-optee/imx8mn/release/bl31/platform_mp_stack.o
                0x000000000096ddc0                __STACKS_END__ = .

.bss            0x000000000096ddc0     0x42b8
                0x000000000096ddc0                __BSS_START__ = .
 *(.bss*)
 .bss.bl32_image_ep_info
                0x000000000096ddc0       0x58 build-optee/imx8mn/release/bl31/imx8mn_bl31_setup.o
 .bss.bl33_image_ep_info
                0x000000000096de18       0x58 build-optee/imx8mn/release/bl31/imx8mn_bl31_setup.o
 .bss.console.3458
                0x000000000096de70       0x30 build-optee/imx8mn/release/bl31/imx8mn_bl31_setup.o
 .bss.pu_domain_status
                0x000000000096dea0        0x4 build-optee/imx8mn/release/bl31/gpc.o
 *fill*         0x000000000096dea4        0x4 
 .bss.timer_ops
                0x000000000096dea8        0x8 build-optee/imx8mn/release/bl31/delay_timer.o
 .bss.ops       0x000000000096deb0       0x10 build-optee/imx8mn/release/bl31/generic_delay_timer.o
 .bss.tf_base_xlat_table
                0x000000000096dec0       0x20 build-optee/imx8mn/release/bl31/xlat_tables_context.o
 .bss.tf_mmap   0x000000000096dee0      0x2a8 build-optee/imx8mn/release/bl31/xlat_tables_context.o
 .bss.wfe_done  0x000000000096e188        0x4 build-optee/imx8mn/release/bl31/dram.o
 *fill*         0x000000000096e18c        0x4 
 .bss.bl32_init
                0x000000000096e190        0x8 build-optee/imx8mn/release/bl31/bl31_main.o
 .bss.intr_type_descs
                0x000000000096e198       0x48 build-optee/imx8mn/release/bl31/interrupt_mgmt.o
 .bss.psci_req_local_pwr_states
                0x000000000096e1e0        0x8 build-optee/imx8mn/release/bl31/psci_common.o
 *fill*         0x000000000096e1e8        0x8 
 .bss.psci_ns_context
                0x000000000096e1f0      0x940 build-optee/imx8mn/release/bl31/psci_setup.o
 *(COMMON)
 COMMON         0x000000000096eb30     0x2880 build-optee/imx8mn/release/bl31/gpc_common.o
                0x000000000096eb30                imx_gicv3_ctx
 COMMON         0x00000000009713b0       0x10 build-optee/imx8mn/release/bl31/tzc380.o
                0x00000000009713b0                tzc380
 COMMON         0x00000000009713c0       0x18 build-optee/imx8mn/release/bl31/xlat_tables_context.o
                0x00000000009713c0                mmu_cfg_params
 COMMON         0x00000000009713d8       0xb0 build-optee/imx8mn/release/bl31/dram.o
                0x00000000009713d8                dfs_lock
                0x00000000009713e0                dram_info
 COMMON         0x0000000000971488        0x8 build-optee/imx8mn/release/bl31/gicv3_main.o
                0x0000000000971488                gicv3_driver_data
 COMMON         0x0000000000971490       0x20 build-optee/imx8mn/release/bl31/plat_imx8_gic.o
                0x0000000000971490                rdistif_base_addrs
 COMMON         0x00000000009714b0       0x80 build-optee/imx8mn/release/bl31/runtime_svc.o
                0x00000000009714b0                rt_svc_descs_indices
 *fill*         0x0000000000971530       0x10 
 COMMON         0x0000000000971540      0x100 build-optee/imx8mn/release/bl31/cpu_data_array.o
                0x0000000000971540                percpu_data
 COMMON         0x0000000000971640       0x50 build-optee/imx8mn/release/bl31/psci_common.o
                0x0000000000971640                psci_cpu_pd_nodes
                0x0000000000971680                psci_plat_pm_ops
                0x0000000000971688                psci_spd_pm
 COMMON         0x0000000000971690        0x4 build-optee/imx8mn/release/bl31/psci_setup.o
                0x0000000000971690                psci_caps
 *fill*         0x0000000000971694        0xc 
 COMMON         0x00000000009716a0      0x9d0 build-optee/imx8mn/release/bl31/opteed_main.o
                0x00000000009716a0                optee_vector_table
                0x00000000009716a8                opteed_rw
                0x00000000009716b0                opteed_sp_context
 COMMON         0x0000000000972070        0x8 build-optee/imx8mn/release/bl31/multi_console.o
                0x0000000000972070                console_list
                0x0000000000972078                __BSS_END__ = .

xlat_table      0x0000000000973000     0x8000
 *(xlat_table)
 xlat_table     0x0000000000973000     0x8000 build-optee/imx8mn/release/bl31/xlat_tables_context.o

coherent_ram    0x000000000097b000     0x1000
                0x000000000097b000                __COHERENT_RAM_START__ = .
 *(bakery_lock)
 bakery_lock    0x000000000097b000        0x8 build-optee/imx8mn/release/bl31/gpc_common.o
                0x000000000097b000                gpc_lock
 bakery_lock    0x000000000097b008       0x20 build-optee/imx8mn/release/bl31/psci_common.o
                0x000000000097b008                psci_locks
 *(tzfw_coherent_mem)
 tzfw_coherent_mem
                0x000000000097b028       0x40 build-optee/imx8mn/release/bl31/psci_common.o
                0x000000000097b028                psci_non_cpu_pd_nodes
                0x000000000097b068                __COHERENT_RAM_END_UNALIGNED__ = .
                0x000000000097c000                . = ALIGN (0x1000)
 *fill*         0x000000000097b068      0xf98 
                0x000000000097c000                __COHERENT_RAM_END__ = .
                0x000000000097c000                __RW_END__ = .
                0x000000000097c000                __BL31_END__ = .
                0x0000000000000001                ASSERT ((. <= 0x980000), BL31 image has exceeded its limit.)
LOAD build-optee/imx8mn/release/bl31/build_message.o
LOAD build-optee/imx8mn/release/bl31/gpc_common.o
LOAD build-optee/imx8mn/release/bl31/hab.o
LOAD build-optee/imx8mn/release/bl31/imx_aipstz.o
LOAD build-optee/imx8mn/release/bl31/imx_rdc.o
LOAD build-optee/imx8mn/release/bl31/imx8m_caam.o
LOAD build-optee/imx8mn/release/bl31/imx8m_csu.o
LOAD build-optee/imx8mn/release/bl31/imx8m_psci_common.o
LOAD build-optee/imx8mn/release/bl31/imx8mn_bl31_setup.o
LOAD build-optee/imx8mn/release/bl31/imx8mn_psci.o
LOAD build-optee/imx8mn/release/bl31/gpc.o
LOAD build-optee/imx8mn/release/bl31/imx8_topology.o
LOAD build-optee/imx8mn/release/bl31/imx_sip_handler.o
LOAD build-optee/imx8mn/release/bl31/imx_sip_svc.o
LOAD build-optee/imx8mn/release/bl31/tzc380.o
LOAD build-optee/imx8mn/release/bl31/delay_timer.o
LOAD build-optee/imx8mn/release/bl31/generic_delay_timer.o
LOAD build-optee/imx8mn/release/bl31/xlat_tables_arch.o
LOAD build-optee/imx8mn/release/bl31/xlat_tables_context.o
LOAD build-optee/imx8mn/release/bl31/xlat_tables_core.o
LOAD build-optee/imx8mn/release/bl31/xlat_tables_utils.o
LOAD build-optee/imx8mn/release/bl31/dram.o
LOAD build-optee/imx8mn/release/bl31/clock.o
LOAD build-optee/imx8mn/release/bl31/dram_retention.o
LOAD build-optee/imx8mn/release/bl31/ddr4_dvfs.o
LOAD build-optee/imx8mn/release/bl31/lpddr4_dvfs.o
LOAD build-optee/imx8mn/release/bl31/gicv3_helpers.o
LOAD build-optee/imx8mn/release/bl31/arm_gicv3_common.o